ANF Hashes:
 #0 := vjMEhbkCp9cN
 #1 := fJUSkp3b4BnN
 #2 := gqkffdFA6vnN
 #3 := m5XKL3leqWoN
 #4 := qjJx7b4Msxl
 #5 := sQnIXlhM1Ik
 #6 := tdePJZnjEPB
 #7 := raPTEyQyFUn
 #8 := rrFlSlCL4op
 #9 := mEmT8Olc9MqN

ANF Binds:
 #0 := MultiplyInteger
 #1 := Apply #0 [b, b]
 #2 := \b:2 -> #1
 #3 := AddInteger
 #4 := 2 :: Integer
 #5 := Apply #3 [c, #4]
 #6 := \c:1 -> #5
 #7 := #2 <<< #6
 #8 := Apply #7 [a]
 #9 := \a:1 -> #8

ANF Annotations:
 #0 := Trivial
 #1 := Demanded (Id 2) 1
 #2 := Demanded (Id 9) 1
 #3 := Trivial
 #4 := Trivial
 #5 := Demanded (Id 6) 1
 #6 := Demanded (Id 9) 1
 #7 := Demanded (Id 9) 1
 #8 := Demanded (Id 9) 1
 #9 := NeverDemanded
