PSortedMap program
  1.1.0
  ((\!0 ->
      (\!0 -> !1 !1)
        (\!0 !0 !0 ->
           force
             (case
                (constr 0
                   [ !2
                   , (delay !1)
                   , (delay
                        (case
                           (force headList !2)
                           [ (\!0 !0 ->
                                (\!0 ->
                                   case
                                     (constr 0
                                        [ !6
                                        , !1
                                        , ((\!0 -> (\!0 -> !6) (unIData !3))
                                             (unIData !3)) ])
                                     [!6])
                                  (force tailList !4)) ])) ])
                [(force (force chooseList))]))
        !1
        ((\!0 ->
            (\!0 ->
               (\!0 ->
                  (\!0 ->
                     (\!0 ->
                        mapData
                          (case
                             (constr 0
                                [1, 2, (case (constr 0 [0, 1, !4]) [!1])])
                             [!1]))
                       (\!0 !0 ->
                          !3
                            (\!0 -> !5 (mkPairData (iData !3) (iData !2)) !1)
                            !2))
                    (\!0 !0 !0 ->
                       case
                         (constr 0
                            [ (\!0 !0 ->
                                 case
                                   !1
                                   [ (\!0 !0 ->
                                        case
                                          !2
                                          [ (\!0 !0 ->
                                               (\!0 !0 ->
                                                  case
                                                    (lessThanInteger !2 !10)
                                                    [ (case
                                                         (equalsInteger !2 !10)
                                                         [ (!1
                                                              (!11 (!12 !6 !5)))
                                                         , (!1 (!11 !5)) ])
                                                    , (case
                                                         (constr 0
                                                            [ !8
                                                            , !5
                                                            , (\!0 ->
                                                                 !2
                                                                   (!13
                                                                      !7
                                                                      !1)) ])
                                                         [!8]) ])
                                                 (unIData !2)) ])
                                   , (\!0 -> !1 (!6 !8)) ])
                            , !1
                            , (\!0 -> !1) ])
                         [(\!0 -> !1 !1)]))
                 (force mkCons))
              [])
           ((\!0 ->
               case
                 (constr 0
                    [ (\!0 !0 ->
                         case
                           !1
                           [ (\!0 !0 ->
                                case
                                  !2
                                  [ (\!0 !0 ->
                                       (\!0 !0 ->
                                          case
                                            (!1 !2)
                                            [ (case
                                                 (constr 0
                                                    [ !8
                                                    , !5
                                                    , (\!0 ->
                                                         lessThanInteger
                                                           !1
                                                           !3) ])
                                                 [!8])
                                            , (force
                                                 (force trace
                                                    "unsorted map"
                                                    (delay error))) ])
                                         (unIData !2)) ])
                           , (\!0 -> !4) ])
                    , !1
                    , (\!0 -> False) ])
                 [(\!0 -> !1 !1)])
              (unMapData
                 ((\!0 ->
                     (\!0 ->
                        (\!0 ->
                           (\!0 ->
                              mapData
                                (case
                                   (constr 0
                                      [1, 2, (case (constr 0 [0, 1, !4]) [!1])])
                                   [!1]))
                             (\!0 !0 ->
                                !3
                                  (\!0 ->
                                     !5 (mkPairData (iData !3) (iData !2)) !1)
                                  !2))
                          (\!0 !0 !0 ->
                             case
                               (constr 0
                                  [ (\!0 !0 ->
                                       case
                                         !1
                                         [ (\!0 !0 ->
                                              case
                                                !2
                                                [ (\!0 !0 ->
                                                     (\!0 !0 ->
                                                        case
                                                          (lessThanInteger
                                                             !2
                                                             !10)
                                                          [ (case
                                                               (equalsInteger
                                                                  !2
                                                                  !10)
                                                               [ (!1
                                                                    (!11
                                                                       (!12
                                                                          !6
                                                                          !5)))
                                                               , (!1
                                                                    (!11 !5)) ])
                                                          , (case
                                                               (constr 0
                                                                  [ !8
                                                                  , !5
                                                                  , (\!0 ->
                                                                       !2
                                                                         (!13
                                                                            !7
                                                                            !1)) ])
                                                               [!8]) ])
                                                       (unIData !2)) ])
                                         , (\!0 -> !1 (!6 !8)) ])
                                  , !1
                                  , (\!0 -> !1) ])
                               [(\!0 -> !1 !1)]))
                       (force mkCons))
                    [])))))
     (unMapData
        ((\!0 ->
            (\!0 ->
               (\!0 ->
                  (\!0 ->
                     mapData
                       (case
                          (constr 0 [1, 2, (case (constr 0 [0, 1, !4]) [!1])])
                          [!1]))
                    (\!0 !0 ->
                       !3 (\!0 -> !5 (mkPairData (iData !3) (iData !2)) !1) !2))
                 (\!0 !0 !0 ->
                    case
                      (constr 0
                         [ (\!0 !0 ->
                              case
                                !1
                                [ (\!0 !0 ->
                                     case
                                       !2
                                       [ (\!0 !0 ->
                                            (\!0 !0 ->
                                               case
                                                 (lessThanInteger !2 !10)
                                                 [ (case
                                                      (equalsInteger !2 !10)
                                                      [ (!1 (!11 (!12 !6 !5)))
                                                      , (!1 (!11 !5)) ])
                                                 , (case
                                                      (constr 0
                                                         [ !8
                                                         , !5
                                                         , (\!0 ->
                                                              !2 (!13 !7 !1)) ])
                                                      [!8]) ])
                                              (unIData !2)) ])
                                , (\!0 -> !1 (!6 !8)) ])
                         , !1
                         , (\!0 -> !1) ])
                      [(\!0 -> !1 !1)]))
              (force mkCons))
           [])))
