eq.true.left {"exBudgetCPU":612433,"exBudgetMemory":3601,"scriptSizeBytes":47}
eq.true.right {"exBudgetCPU":612433,"exBudgetMemory":3601,"scriptSizeBytes":47}
eq.false.left-right {"exBudgetCPU":496100,"exBudgetMemory":3200,"scriptSizeBytes":47}
eq.false.left-left {"exBudgetCPU":612433,"exBudgetMemory":3601,"scriptSizeBytes":47}
eq.false.right-right {"exBudgetCPU":612433,"exBudgetMemory":3601,"scriptSizeBytes":47}
