eq.true.nothing {"exBudgetCPU":272100,"exBudgetMemory":1800,"scriptSizeBytes":30}
eq.true.just {"exBudgetCPU":516433,"exBudgetMemory":3001,"scriptSizeBytes":44}
eq.false.nothing-just {"exBudgetCPU":336100,"exBudgetMemory":2200,"scriptSizeBytes":40}
eq.false.just-just {"exBudgetCPU":516433,"exBudgetMemory":3001,"scriptSizeBytes":44}
