PCredential.pmatch.true.eq {"exBudgetCPU":2109373,"exBudgetMemory":7623,"scriptSizeBytes":116}
PCredential.pmatch.true.less {"exBudgetCPU":1681716,"exBudgetMemory":6294,"scriptSizeBytes":123}
PCredential.pmatch.false {"exBudgetCPU":1681716,"exBudgetMemory":6294,"scriptSizeBytes":123}
PTriplet.derived.true.eq {"exBudgetCPU":3506359,"exBudgetMemory":13145,"scriptSizeBytes":130}
PTriplet.derived.true.less {"exBudgetCPU":2543075,"exBudgetMemory":9851,"scriptSizeBytes":137}
PTriplet.derived.false {"exBudgetCPU":2691408,"exBudgetMemory":10452,"scriptSizeBytes":137}
PTriplet.pmatch.true.eq {"exBudgetCPU":4610555,"exBudgetMemory":18149,"scriptSizeBytes":156}
PTriplet.pmatch.true.less {"exBudgetCPU":3491222,"exBudgetMemory":14354,"scriptSizeBytes":162}
PTriplet.pmatch.false {"exBudgetCPU":3891604,"exBudgetMemory":16056,"scriptSizeBytes":162}
