PCredential.pmatch.true {"exBudgetCPU":1681716,"exBudgetMemory":6294,"scriptSizeBytes":123}
PCredential.pmatch.false {"exBudgetCPU":1681716,"exBudgetMemory":6294,"scriptSizeBytes":123}
PTriplet.derived.true {"exBudgetCPU":2543075,"exBudgetMemory":9851,"scriptSizeBytes":137}
PTriplet.derived.false {"exBudgetCPU":2691408,"exBudgetMemory":10452,"scriptSizeBytes":137}
PTriplet.pmatch.true {"exBudgetCPU":3103075,"exBudgetMemory":13351,"scriptSizeBytes":154}
PTriplet.pmatch.false {"exBudgetCPU":3379408,"exBudgetMemory":14752,"scriptSizeBytes":154}
