ANF Hashes:
 #0 := dr5yy9ULU5j
 #1 := mqE7eqJLvgvN
 #2 := xHs2s8gm9YgN
 #3 := snLiMg4JfOrN
 #4 := jkPDXneA23xN
 #5 := cIWTqFaO6ECN
 #6 := gr94HPjl9bA
 #7 := waEoq0hhp4r
 #8 := i8RlbDpxYphN
 #9 := khwRaGmJyGyN
 #10 := ozAoBq5zyhA
 #11 := lAuuiZ9AppE
 #12 := cw80DIyiumyN
 #13 := xc7canbYuJi
 #14 := nZ7OvwvfpYmN
 #15 := lWA1q3JcxPb
 #16 := lp4m3fI44AkN
 #17 := ddBkoDu5prEN
 #18 := pbwDHrc56yC
 #19 := bCEcVV1FgSd
 #20 := eq8jlfSqPrz
 #21 := aeJvdYWrfnhN
 #22 := nwwEFXyuoHtN
 #23 := bzQqmRfHoKn
 #24 := olCkKrI9txu
 #25 := fx2nFCMg6Ac

ANF Binds:
 #0 := EqualsInteger
 #1 := 0 :: Integer
 #2 := Apply #0 [oOLG13GvP3nN, #1]
 #3 := Apply #0 [bUiGidwO3Fh, #1]
 #4 := ModInteger
 #5 := Apply #4 [eCBOolj7xId, ti6ipqViMlsN]
 #6 := Apply lZmjiLE9xtw [ti6ipqViMlsN, #5]
 #7 := \ti6ipqViMlsN:2 -> #6
 #8 := Apply #7 [bUiGidwO3Fh]
 #9 := LessThanEqualsInteger
 #10 := Apply #9 [p4sXwS8SsCb, #1]
 #11 := SubtractInteger
 #12 := Apply #11 [#1, yWumnJg3ddDN]
 #13 := \yWumnJg3ddDN:1 -> #12
 #14 := Apply #13 [p4sXwS8SsCb]
 #15 := Case #10 [p4sXwS8SsCb, #14]
 #16 := \p4sXwS8SsCb:3 -> #15
 #17 := Apply #16 [eCBOolj7xId]
 #18 := Case #3 [#8, #17]
 #19 := \eCBOolj7xId:2 bUiGidwO3Fh:2 -> #18
 #20 := Fix[lZmjiLE9xtw:1] #19
 #21 := Apply #20 [datZyZxDQtv, fDjhdb6tHhr]
 #22 := \datZyZxDQtv:1 -> #21
 #23 := Apply #22 [oOLG13GvP3nN]
 #24 := Case #2 [#23, fDjhdb6tHhr]
 #25 := \oOLG13GvP3nN:2 fDjhdb6tHhr:2 -> #24
