<\a b -> 
  <case
    <Apply
      <EqualsInteger>@dr5yy9ULU5j [a, <0 :: Integer>@mqE7eqJLvgvN]
    >@xHs2s8gm9YgN 
    [
      <Apply
        <\c -> 
          <Apply
            <Fix
              [d]
              <\e f -> 
                <case
                  <Apply
                    <EqualsInteger>@dr5yy9ULU5j [f, <0 :: Integer>@mqE7eqJLvgvN]
                  >@snLiMg4JfOrN 
                  [
                    <Apply
                      <\g -> 
                        <Apply
                          d
                          [
                            g, 
                            <Apply<ModInteger>@jkPDXneA23xN [e, g]>@cIWTqFaO6ECN
                          ]
                        >@gr94HPjl9bA
                      >@ozM10IwepxwN
                      [f]
                    >@g6htMuQ1KiDN, 
                    <Apply
                      <\h -> 
                        <case
                          <Apply
                            <LessThanEqualsInteger>@khwRaGmJyGyN
                            [h, <0 :: Integer>@mqE7eqJLvgvN]
                          >@ozAoBq5zyhA 
                          [
                            h, 
                            <Apply
                              <\i -> 
                                <Apply
                                  <SubtractInteger>@lAuuiZ9AppE
                                  [<0 :: Integer>@mqE7eqJLvgvN, i]
                                >@cw80DIyiumyN
                              >@dL6SyBbkyMcN
                              [h]
                            >@tJS71UXojuuN
                          ]
                        >@dZJeSBclIAmN
                      >@mQSGsKhpQhmN
                      [e]
                    >@yZFGSwUDcEx
                  ]
                >@f7xHIC7t0BdN
              >@q9AWt9aa9AtN
            >@iTmj3z3Vj6e
            [c, b]
          >@bqo3uOGDg2hN
        >@r4sisxUkHKdN
        [a]
      >@keIycmSDMLi, 
      b
    ]
  >@meAZc5MyuXv
>@vsXG7JIqHRy