<\a -> 
  <case
    a 
    [
      <Apply
        <\b c -> 
          <Apply
            <AddInteger>@m5XKL3leqWoN
            [
              <Apply
                <\d -> 
                  <Apply<AddInteger>@m5XKL3leqWoN [d, d]>@yAdcymrewDkN
                >@dViasIdX6cAN
                [b]
              >@slqPW2p3QzrN, 
              <Apply
                <\e -> 
                  <Apply<AddInteger>@m5XKL3leqWoN [e, e]>@hzUq59mr9rm
                >@dViasIdX6cAN
                [c]
              >@nA7l1g6grKvN
            ]
          >@iR37VzyRyyBN
        >@wdLCSeVn8mh
        [<10 :: Integer>@d9BTnRxpywy, <20 :: Integer>@hBvTlxVXYAD]
      >@oi8jxSP7coy, 
      <Apply
        <\f g -> 
          <Apply
            <AddInteger>@m5XKL3leqWoN
            [
              <Apply
                <\h -> 
                  <Apply<MultiplyInteger>@vjMEhbkCp9cN [h, h]>@iQxs37LJJtxN
                >@gqkffdFA6vnN
                [f]
              >@viKUoLGoOUw, 
              <Apply
                <\i -> 
                  <Apply<MultiplyInteger>@vjMEhbkCp9cN [i, i]>@yDK2FYsfAmzN
                >@gqkffdFA6vnN
                [g]
              >@exWYLdJv1YbN
            ]
          >@owbEYdEV4uDN
        >@qAoihh9YcVhN
        [<10 :: Integer>@d9BTnRxpywy, <20 :: Integer>@hBvTlxVXYAD]
      >@yQdEL0I1DuyN
    ]
  >@qyY0w1U5l4jN
>@ifZFDzvSrdm