<Apply
  <AppendString>@p7qYeALXKVC
  [
    <0x :: String>@tdiaC1B3uRC, 
    <Apply
      <AppendString>@p7qYeALXKVC
      [
        <Apply
          <\oOLG13GvP3nN -> 
            <case
              oOLG13GvP3nN 
              [
                <0 :: String>@csDJobL38ReN, 
                <1 :: String>@xcoGmOiC8HiN, 
                <2 :: String>@mSGXrSlhOzoN, 
                <3 :: String>@zBbVugCAuKb, 
                <4 :: String>@c8j19kUVGIf, 
                <5 :: String>@dSu76OoYQVw, 
                <6 :: String>@qoj0eYQE55l, 
                <7 :: String>@dWf9bSLUCJAN, 
                <8 :: String>@nqMwP3WtHczN, 
                <9 :: String>@tT7TcSLpins, 
                <A :: String>@k445oVkHpQg, 
                <B :: String>@kt1FkeQSdE, 
                <C :: String>@uUuKSQb3bJDN, 
                <D :: String>@wLjtDqApIvb, 
                <E :: String>@x3z68WbeDAB, 
                <F :: String>@knPV8JelUIcN
              ]
            >@swg3mCrqa6yN
          >@nwLXQjnYFUyN
          [
            <Apply
              <QuotientInteger>@kq3kmmKulbi
              [<31 :: Integer>@uB44BucK0eA, <16 :: Integer>@vT9XgGQd7Qs]
            >@q4l3DHnjzvh
          ]
        >@lFjtFpCOYlm, 
        <Apply
          <\fDjhdb6tHhr -> 
            <case
              fDjhdb6tHhr 
              [
                <0 :: String>@csDJobL38ReN, 
                <1 :: String>@xcoGmOiC8HiN, 
                <2 :: String>@mSGXrSlhOzoN, 
                <3 :: String>@zBbVugCAuKb, 
                <4 :: String>@c8j19kUVGIf, 
                <5 :: String>@dSu76OoYQVw, 
                <6 :: String>@qoj0eYQE55l, 
                <7 :: String>@dWf9bSLUCJAN, 
                <8 :: String>@nqMwP3WtHczN, 
                <9 :: String>@tT7TcSLpins, 
                <A :: String>@k445oVkHpQg, 
                <B :: String>@kt1FkeQSdE, 
                <C :: String>@uUuKSQb3bJDN, 
                <D :: String>@wLjtDqApIvb, 
                <E :: String>@x3z68WbeDAB, 
                <F :: String>@knPV8JelUIcN
              ]
            >@uQybLiCbutrN
          >@rob151hhwRv
          [
            <Apply
              <RemainderInteger>@n275PtZtdlc
              [<31 :: Integer>@uB44BucK0eA, <16 :: Integer>@vT9XgGQd7Qs]
            >@iSLMyFX2lEj
          ]
        >@yFWbY3OdWrc
      ]
    >@l9Xou7jGAwyN
  ]
>@kew5v3aLyPnN