<\oOLG13GvP3nN:2 fDjhdb6tHhr:2 -> 
  <Apply
    <AddInteger>@m5XKL3leqWoN
    [
      <Apply
        <MultiplyInteger>@vjMEhbkCp9cN [oOLG13GvP3nN, oOLG13GvP3nN]
      >@yI8DIugRYDcN, 
      <Apply
        <MultiplyInteger>@vjMEhbkCp9cN [fDjhdb6tHhr, fDjhdb6tHhr]
      >@fJUSkp3b4BnN
    ]
  >@lT9yD6VtIlz
>@yCeZaksQ5ar