ANF Hashes:
 #0 := dr5yy9ULU5j
 #1 := hTZyTFV7cmhN
 #2 := iFfLE4uR5YuN
 #3 := ofkSqfsbj7l
 #4 := wlLU94G0EHoN
 #5 := i8lLZjQ3HArN
 #6 := nMPWeKeUcPkN
 #7 := fmcGXLL5qAN
 #8 := mxxHIeUfs6b
 #9 := o5cEhwqGdwy
 #10 := lsQF4VMekCb
 #11 := mGySKhOksACN
 #12 := hE1QK8pH3VxN
 #13 := dIPb0M0m3MjN
 #14 := lQQBhx6VpZCN
 #15 := zrZRHqWrvCBN
 #16 := howD25v4swlN
 #17 := gte7AYXFKrwN
 #18 := q2sTlPVjc2A
 #19 := gbXkuqCsTst

ANF Binds:
 #0 := EqualsInteger
 #1 := Apply #0 [datZyZxDQtv, lZmjiLE9xtw]
 #2 := \lZmjiLE9xtw:0 -> #1
 #3 := False :: Bool
 #4 := \_ -> #3
 #5 := \_ _ -> #3
 #6 := Apply fDjhdb6tHhr [#2, #4, #5]
 #7 := \datZyZxDQtv:1 -> #6
 #8 := Apply #0 [p4sXwS8SsCb, gj5npqULRul]
 #9 := \gj5npqULRul:0 -> #8
 #10 := Apply fDjhdb6tHhr [#4, #9, #5]
 #11 := \p4sXwS8SsCb:1 -> #10
 #12 := Apply #0 [o4D79O2oigpN, yaX1WGBRrzw]
 #13 := Apply #0 [gkpA63EOvxy, fafl0TrfiamN]
 #14 := Case #12 [#3, #13]
 #15 := \fafl0TrfiamN:1 yaX1WGBRrzw:1 -> #14
 #16 := Apply fDjhdb6tHhr [#4, #4, #15]
 #17 := \gkpA63EOvxy:1 o4D79O2oigpN:1 -> #16
 #18 := Apply oOLG13GvP3nN [#7, #11, #17]
 #19 := \oOLG13GvP3nN:0 fDjhdb6tHhr:3 -> #18

ANF Annotations:
 #0 := Trivial
 #1 := Demanded (Id 2) 1
 #2 := Demanded (Id 7) 1
 #3 := Trivial
 #4 := Demanded (Id 19) 4
 #5 := Demanded (Id 19) 2
 #6 := Demanded (Id 7) 1
 #7 := Demanded (Id 19) 1
 #8 := Demanded (Id 9) 1
 #9 := Demanded (Id 11) 1
 #10 := Demanded (Id 11) 1
 #11 := Demanded (Id 19) 1
 #12 := Demanded (Id 15) 1
 #13 := Demanded (Id 15) 1
 #14 := Demanded (Id 15) 1
 #15 := Demanded (Id 17) 1
 #16 := Demanded (Id 17) 1
 #17 := Demanded (Id 19) 1
 #18 := Demanded (Id 19) 1
 #19 := NeverDemanded
