singleton {"exBudgetCPU":1708940,"exBudgetMemory":6256,"scriptSizeBytes":68}
singletonData {"exBudgetCPU":3189793,"exBudgetMemory":7490,"scriptSizeBytes":80}
valueOf.itself {"exBudgetCPU":851100,"exBudgetMemory":3800,"scriptSizeBytes":115}
valueOf.applied {"exBudgetCPU":8887341,"exBudgetMemory":23308,"scriptSizeBytes":183}
valueOf.growing.1 {"exBudgetCPU":6189368,"exBudgetMemory":18450,"scriptSizeBytes":193}
valueOf.growing.2 {"exBudgetCPU":21454115,"exBudgetMemory":62540,"scriptSizeBytes":412}
valueOf.growing.3 {"exBudgetCPU":32481961,"exBudgetMemory":92046,"scriptSizeBytes":443}
valueOf.growing.4 {"exBudgetCPU":47127107,"exBudgetMemory":128712,"scriptSizeBytes":462}
valueOf.growing.5 {"exBudgetCPU":65734553,"exBudgetMemory":174038,"scriptSizeBytes":480}
valueOf.growing.6 {"exBudgetCPU":88304299,"exBudgetMemory":228024,"scriptSizeBytes":498}
valueOf.growing.7 {"exBudgetCPU":114836345,"exBudgetMemory":290670,"scriptSizeBytes":517}
valueOf.growing.8 {"exBudgetCPU":145330691,"exBudgetMemory":361976,"scriptSizeBytes":535}
valueOf.growing.9 {"exBudgetCPU":182541724,"exBudgetMemory":447100,"scriptSizeBytes":553}
valueOf.growing.10 {"exBudgetCPU":218542596,"exBudgetMemory":531796,"scriptSizeBytes":571}
valueOf.growing.11 {"exBudgetCPU":258505768,"exBudgetMemory":625152,"scriptSizeBytes":589}
valueOf.growing.12 {"exBudgetCPU":302431240,"exBudgetMemory":727168,"scriptSizeBytes":608}
valueOf.growing.13 {"exBudgetCPU":350319012,"exBudgetMemory":837844,"scriptSizeBytes":626}
valueOf.growing.14 {"exBudgetCPU":402169084,"exBudgetMemory":957180,"scriptSizeBytes":644}
valueOf.growing.15 {"exBudgetCPU":457981456,"exBudgetMemory":1085176,"scriptSizeBytes":663}
valueOf.growing.16 {"exBudgetCPU":517756128,"exBudgetMemory":1221832,"scriptSizeBytes":681}
valueOf.growing.17 {"exBudgetCPU":581493100,"exBudgetMemory":1367148,"scriptSizeBytes":700}
unionWith.const {"exBudgetCPU":17744570,"exBudgetMemory":54040,"scriptSizeBytes":328}
unionWith.(+).itself {"exBudgetCPU":1012100,"exBudgetMemory":4500,"scriptSizeBytes":243}
unionWith.(+).applied {"exBudgetCPU":17836047,"exBudgetMemory":53542,"scriptSizeBytes":325}
unionWith.tokens {"exBudgetCPU":17607429,"exBudgetMemory":53046,"scriptSizeBytes":334}
unionWith.symbols {"exBudgetCPU":11008712,"exBudgetMemory":34832,"scriptSizeBytes":326}
unionWith.growing.1 {"exBudgetCPU":11077712,"exBudgetMemory":35132,"scriptSizeBytes":330}
unionWith.growing.2 {"exBudgetCPU":26273459,"exBudgetMemory":78922,"scriptSizeBytes":364}
unionWith.growing.3 {"exBudgetCPU":38569531,"exBudgetMemory":111958,"scriptSizeBytes":385}
unionWith.growing.4 {"exBudgetCPU":54758903,"exBudgetMemory":153354,"scriptSizeBytes":403}
unionWith.growing.5 {"exBudgetCPU":74910575,"exBudgetMemory":203410,"scriptSizeBytes":422}
unionWith.growing.6 {"exBudgetCPU":99024547,"exBudgetMemory":262126,"scriptSizeBytes":440}
unionWith.growing.7 {"exBudgetCPU":127100819,"exBudgetMemory":329502,"scriptSizeBytes":459}
unionWith.growing.8 {"exBudgetCPU":159139391,"exBudgetMemory":405538,"scriptSizeBytes":477}
unionWith.growing.9 {"exBudgetCPU":201864238,"exBudgetMemory":509048,"scriptSizeBytes":493}
unionWith.growing.10 {"exBudgetCPU":237865110,"exBudgetMemory":593744,"scriptSizeBytes":512}
unionWith.growing.11 {"exBudgetCPU":277828282,"exBudgetMemory":687100,"scriptSizeBytes":530}
unionWith.growing.12 {"exBudgetCPU":321753754,"exBudgetMemory":789116,"scriptSizeBytes":548}
unionWith.growing.13 {"exBudgetCPU":369641526,"exBudgetMemory":899792,"scriptSizeBytes":567}
unionWith.growing.14 {"exBudgetCPU":421491598,"exBudgetMemory":1019128,"scriptSizeBytes":585}
unionWith.growing.15 {"exBudgetCPU":477303970,"exBudgetMemory":1147124,"scriptSizeBytes":604}
unionWith.growing.16 {"exBudgetCPU":537078642,"exBudgetMemory":1283780,"scriptSizeBytes":622}
unionWith.growing.17 {"exBudgetCPU":600815614,"exBudgetMemory":1429096,"scriptSizeBytes":640}
unionWithData const.itself {"exBudgetCPU":1012100,"exBudgetMemory":4500,"scriptSizeBytes":233}
unionWithData const.applied {"exBudgetCPU":17380856,"exBudgetMemory":52744,"scriptSizeBytes":318}
inv {"exBudgetCPU":8006438,"exBudgetMemory":25962,"scriptSizeBytes":175}
equality.itself {"exBudgetCPU":644100,"exBudgetMemory":2900,"scriptSizeBytes":124}
equality.triviallyTrue {"exBudgetCPU":10460856,"exBudgetMemory":26864,"scriptSizeBytes":203}
equality.triviallyFalse {"exBudgetCPU":9153784,"exBudgetMemory":22936,"scriptSizeBytes":213}
equality.swappedTokensTrue {"exBudgetCPU":41016280,"exBudgetMemory":114444,"scriptSizeBytes":457}
equality.swappedSymbolsTrue {"exBudgetCPU":32877768,"exBudgetMemory":85904,"scriptSizeBytes":448}
equality.growing.1 {"exBudgetCPU":10460856,"exBudgetMemory":26864,"scriptSizeBytes":203}
equality.growing.2 {"exBudgetCPU":40978210,"exBudgetMemory":114444,"scriptSizeBytes":452}
equality.growing.3 {"exBudgetCPU":62899536,"exBudgetMemory":171384,"scriptSizeBytes":487}
equality.growing.4 {"exBudgetCPU":92745462,"exBudgetMemory":245644,"scriptSizeBytes":522}
equality.growing.5 {"exBudgetCPU":130515988,"exBudgetMemory":337224,"scriptSizeBytes":557}
equality.growing.6 {"exBudgetCPU":176211114,"exBudgetMemory":446124,"scriptSizeBytes":593}
equality.growing.7 {"exBudgetCPU":229830840,"exBudgetMemory":572344,"scriptSizeBytes":628}
equality.growing.8 {"exBudgetCPU":291375166,"exBudgetMemory":715884,"scriptSizeBytes":663}
equality.growing.9 {"exBudgetCPU":360844092,"exBudgetMemory":876744,"scriptSizeBytes":698}
equality.growing.10 {"exBudgetCPU":438237618,"exBudgetMemory":1054924,"scriptSizeBytes":734}
equality.growing.11 {"exBudgetCPU":523555744,"exBudgetMemory":1250424,"scriptSizeBytes":769}
equality.growing.12 {"exBudgetCPU":616798470,"exBudgetMemory":1463244,"scriptSizeBytes":804}
equality.growing.13 {"exBudgetCPU":717965796,"exBudgetMemory":1693384,"scriptSizeBytes":839}
equality.growing.14 {"exBudgetCPU":827057722,"exBudgetMemory":1940844,"scriptSizeBytes":875}
equality.growing.15 {"exBudgetCPU":944074248,"exBudgetMemory":2205624,"scriptSizeBytes":910}
equality.growing.16 {"exBudgetCPU":1069015374,"exBudgetMemory":2487724,"scriptSizeBytes":945}
equality.growing.17 {"exBudgetCPU":1201881100,"exBudgetMemory":2787144,"scriptSizeBytes":980}
normalize.identity {"exBudgetCPU":35733548,"exBudgetMemory":106357,"scriptSizeBytes":553}
normalize.empty {"exBudgetCPU":24448001,"exBudgetMemory":72161,"scriptSizeBytes":435}
assertSorted.succeeds {"exBudgetCPU":30399271,"exBudgetMemory":95882,"scriptSizeBytes":511}
assertSorted.fails on malsorted symbols {"exBudgetCPU":20705777,"exBudgetMemory":62290,"scriptSizeBytes":340}
assertSorted.fails on zero quantities {"exBudgetCPU":21820727,"exBudgetMemory":62160,"scriptSizeBytes":510}
assertSorted.fails on empty token map {"exBudgetCPU":1240239,"exBudgetMemory":455,"scriptSizeBytes":262}
Ada.adaSymbol {"exBudgetCPU":23100,"exBudgetMemory":200,"scriptSizeBytes":8}
Ada.adaToken {"exBudgetCPU":23100,"exBudgetMemory":200,"scriptSizeBytes":8}
Ada.lovelaceValueOf {"exBudgetCPU":230100,"exBudgetMemory":1100,"scriptSizeBytes":53}
Ada.isAdaOnlyValue.itself {"exBudgetCPU":23100,"exBudgetMemory":200,"scriptSizeBytes":45}
Ada.isAdaOnlyValue.true on empty {"exBudgetCPU":497454,"exBudgetMemory":1532,"scriptSizeBytes":50}
Ada.isAdaOnlyValue.trivially false {"exBudgetCPU":4349105,"exBudgetMemory":10950,"scriptSizeBytes":107}
Ada.isAdaOnlyValue.less trivially false {"exBudgetCPU":13487877,"exBudgetMemory":38826,"scriptSizeBytes":361}
Ada.adaOnlyValue.itself {"exBudgetCPU":184100,"exBudgetMemory":900,"scriptSizeBytes":52}
Ada.adaOnlyValue.on empty {"exBudgetCPU":589454,"exBudgetMemory":1932,"scriptSizeBytes":51}
Ada.adaOnlyValue.on non-Ada {"exBudgetCPU":4356574,"exBudgetMemory":10950,"scriptSizeBytes":109}
Ada.adaOnlyValue.on Ada {"exBudgetCPU":4287574,"exBudgetMemory":10650,"scriptSizeBytes":95}
Ada.noAdaValue.itself {"exBudgetCPU":23100,"exBudgetMemory":200,"scriptSizeBytes":37}
Ada.noAdaValue.on empty {"exBudgetCPU":497454,"exBudgetMemory":1532,"scriptSizeBytes":43}
Ada.noAdaValue.on non-Ada {"exBudgetCPU":4082014,"exBudgetMemory":10018,"scriptSizeBytes":100}
Ada.noAdaValue.on Ada {"exBudgetCPU":4013014,"exBudgetMemory":9718,"scriptSizeBytes":87}