lookup.hit {"exBudgetCPU":4140352,"exBudgetMemory":9090,"scriptSizeBytes":116}
lookup.miss {"exBudgetCPU":4975131,"exBudgetMemory":11422,"scriptSizeBytes":126}
lookupData.hit {"exBudgetCPU":4140352,"exBudgetMemory":9090,"scriptSizeBytes":114}
lookupData.miss {"exBudgetCPU":4885812,"exBudgetMemory":11122,"scriptSizeBytes":121}
singleton {"exBudgetCPU":1374198,"exBudgetMemory":2828,"scriptSizeBytes":39}
singletonData {"exBudgetCPU":1195560,"exBudgetMemory":2228,"scriptSizeBytes":34}
insert.empty {"exBudgetCPU":3131940,"exBudgetMemory":8260,"scriptSizeBytes":132}
insert.replace {"exBudgetCPU":5632407,"exBudgetMemory":12686,"scriptSizeBytes":153}
delete.empty {"exBudgetCPU":1997161,"exBudgetMemory":5864,"scriptSizeBytes":112}
delete.only {"exBudgetCPU":4616720,"exBudgetMemory":10690,"scriptSizeBytes":134}
delete.miss {"exBudgetCPU":6168321,"exBudgetMemory":14486,"scriptSizeBytes":144}
delete.new {"exBudgetCPU":12836543,"exBudgetMemory":28938,"scriptSizeBytes":184}
delete.old {"exBudgetCPU":10247892,"exBudgetMemory":23744,"scriptSizeBytes":184}
difference.emptyLeft {"exBudgetCPU":3012848,"exBudgetMemory":7860,"scriptSizeBytes":173}
difference.emptyRight {"exBudgetCPU":6563780,"exBudgetMemory":16484,"scriptSizeBytes":176}
difference.emptyResult {"exBudgetCPU":9839480,"exBudgetMemory":23042,"scriptSizeBytes":190}
unionWith.const {"exBudgetCPU":22808430,"exBudgetMemory":55080,"scriptSizeBytes":370}
unionWith.(+) {"exBudgetCPU":22856774,"exBudgetMemory":54582,"scriptSizeBytes":366}
unionWithData.const {"exBudgetCPU":21911835,"exBudgetMemory":53484,"scriptSizeBytes":357}
unionWithData.emptyLeft {"exBudgetCPU":10497221,"exBudgetMemory":28280,"scriptSizeBytes":344}
unionWithData.emptyRight {"exBudgetCPU":13481331,"exBudgetMemory":35472,"scriptSizeBytes":344}