singleton {"exBudgetCPU":1708940,"exBudgetMemory":6256,"scriptSizeBytes":68}
singletonData {"exBudgetCPU":3189793,"exBudgetMemory":7490,"scriptSizeBytes":80}
valueOf.itself {"exBudgetCPU":851100,"exBudgetMemory":3800,"scriptSizeBytes":115}
valueOf.applied {"exBudgetCPU":8887341,"exBudgetMemory":23308,"scriptSizeBytes":183}
valueOf.growing.1 {"exBudgetCPU":6189368,"exBudgetMemory":18450,"scriptSizeBytes":193}
valueOf.growing.2 {"exBudgetCPU":21178115,"exBudgetMemory":61340,"scriptSizeBytes":420}
valueOf.growing.3 {"exBudgetCPU":32067961,"exBudgetMemory":90246,"scriptSizeBytes":451}
valueOf.growing.4 {"exBudgetCPU":46575107,"exBudgetMemory":126312,"scriptSizeBytes":470}
valueOf.growing.5 {"exBudgetCPU":65044553,"exBudgetMemory":171038,"scriptSizeBytes":488}
valueOf.growing.6 {"exBudgetCPU":87476299,"exBudgetMemory":224424,"scriptSizeBytes":506}
valueOf.growing.7 {"exBudgetCPU":113870345,"exBudgetMemory":286470,"scriptSizeBytes":525}
valueOf.growing.8 {"exBudgetCPU":144226691,"exBudgetMemory":357176,"scriptSizeBytes":543}
valueOf.growing.9 {"exBudgetCPU":181299724,"exBudgetMemory":441700,"scriptSizeBytes":561}
valueOf.growing.10 {"exBudgetCPU":217162596,"exBudgetMemory":525796,"scriptSizeBytes":579}
valueOf.growing.11 {"exBudgetCPU":256987768,"exBudgetMemory":618552,"scriptSizeBytes":597}
valueOf.growing.12 {"exBudgetCPU":300775240,"exBudgetMemory":719968,"scriptSizeBytes":616}
valueOf.growing.13 {"exBudgetCPU":348525012,"exBudgetMemory":830044,"scriptSizeBytes":634}
valueOf.growing.14 {"exBudgetCPU":400237084,"exBudgetMemory":948780,"scriptSizeBytes":652}
valueOf.growing.15 {"exBudgetCPU":455911456,"exBudgetMemory":1076176,"scriptSizeBytes":671}
valueOf.growing.16 {"exBudgetCPU":515548128,"exBudgetMemory":1212232,"scriptSizeBytes":689}
valueOf.growing.17 {"exBudgetCPU":579147100,"exBudgetMemory":1356948,"scriptSizeBytes":708}
unionWith.const {"exBudgetCPU":17399570,"exBudgetMemory":52540,"scriptSizeBytes":318}
unionWith.(+).itself {"exBudgetCPU":943100,"exBudgetMemory":4200,"scriptSizeBytes":232}
unionWith.(+).applied {"exBudgetCPU":17491047,"exBudgetMemory":52042,"scriptSizeBytes":314}
unionWith.tokens {"exBudgetCPU":17262429,"exBudgetMemory":51546,"scriptSizeBytes":324}
unionWith.symbols {"exBudgetCPU":10801712,"exBudgetMemory":33932,"scriptSizeBytes":316}
unionWith.growing.1 {"exBudgetCPU":10870712,"exBudgetMemory":34232,"scriptSizeBytes":320}
unionWith.growing.2 {"exBudgetCPU":25790459,"exBudgetMemory":76822,"scriptSizeBytes":354}
unionWith.growing.3 {"exBudgetCPU":37948531,"exBudgetMemory":109258,"scriptSizeBytes":375}
unionWith.growing.4 {"exBudgetCPU":53999903,"exBudgetMemory":150054,"scriptSizeBytes":393}
unionWith.growing.5 {"exBudgetCPU":74013575,"exBudgetMemory":199510,"scriptSizeBytes":412}
unionWith.growing.6 {"exBudgetCPU":97989547,"exBudgetMemory":257626,"scriptSizeBytes":430}
unionWith.growing.7 {"exBudgetCPU":125927819,"exBudgetMemory":324402,"scriptSizeBytes":449}
unionWith.growing.8 {"exBudgetCPU":157828391,"exBudgetMemory":399838,"scriptSizeBytes":467}
unionWith.growing.9 {"exBudgetCPU":200277238,"exBudgetMemory":502148,"scriptSizeBytes":482}
unionWith.growing.10 {"exBudgetCPU":236140110,"exBudgetMemory":586244,"scriptSizeBytes":501}
unionWith.growing.11 {"exBudgetCPU":275965282,"exBudgetMemory":679000,"scriptSizeBytes":519}
unionWith.growing.12 {"exBudgetCPU":319752754,"exBudgetMemory":780416,"scriptSizeBytes":537}
unionWith.growing.13 {"exBudgetCPU":367502526,"exBudgetMemory":890492,"scriptSizeBytes":556}
unionWith.growing.14 {"exBudgetCPU":419214598,"exBudgetMemory":1009228,"scriptSizeBytes":574}
unionWith.growing.15 {"exBudgetCPU":474888970,"exBudgetMemory":1136624,"scriptSizeBytes":593}
unionWith.growing.16 {"exBudgetCPU":534525642,"exBudgetMemory":1272680,"scriptSizeBytes":611}
unionWith.growing.17 {"exBudgetCPU":598124614,"exBudgetMemory":1417396,"scriptSizeBytes":629}
unionWithData const.itself {"exBudgetCPU":943100,"exBudgetMemory":4200,"scriptSizeBytes":222}
unionWithData const.applied {"exBudgetCPU":17035856,"exBudgetMemory":51244,"scriptSizeBytes":307}
inv {"exBudgetCPU":8006438,"exBudgetMemory":25962,"scriptSizeBytes":175}
equality.itself {"exBudgetCPU":644100,"exBudgetMemory":2900,"scriptSizeBytes":124}
equality.triviallyTrue {"exBudgetCPU":10460856,"exBudgetMemory":26864,"scriptSizeBytes":203}
equality.triviallyFalse {"exBudgetCPU":9153784,"exBudgetMemory":22936,"scriptSizeBytes":213}
equality.swappedTokensTrue {"exBudgetCPU":40395280,"exBudgetMemory":111744,"scriptSizeBytes":463}
equality.swappedSymbolsTrue {"exBudgetCPU":32532768,"exBudgetMemory":84404,"scriptSizeBytes":454}
equality.growing.1 {"exBudgetCPU":10460856,"exBudgetMemory":26864,"scriptSizeBytes":203}
equality.growing.2 {"exBudgetCPU":40357210,"exBudgetMemory":111744,"scriptSizeBytes":458}
equality.growing.3 {"exBudgetCPU":62002536,"exBudgetMemory":167484,"scriptSizeBytes":493}
equality.growing.4 {"exBudgetCPU":91572462,"exBudgetMemory":240544,"scriptSizeBytes":528}
equality.growing.5 {"exBudgetCPU":129066988,"exBudgetMemory":330924,"scriptSizeBytes":563}
equality.growing.6 {"exBudgetCPU":174486114,"exBudgetMemory":438624,"scriptSizeBytes":599}
equality.growing.7 {"exBudgetCPU":227829840,"exBudgetMemory":563644,"scriptSizeBytes":634}
equality.growing.8 {"exBudgetCPU":289098166,"exBudgetMemory":705984,"scriptSizeBytes":669}
equality.growing.9 {"exBudgetCPU":358291092,"exBudgetMemory":865644,"scriptSizeBytes":704}
equality.growing.10 {"exBudgetCPU":435408618,"exBudgetMemory":1042624,"scriptSizeBytes":740}
equality.growing.11 {"exBudgetCPU":520450744,"exBudgetMemory":1236924,"scriptSizeBytes":775}
equality.growing.12 {"exBudgetCPU":613417470,"exBudgetMemory":1448544,"scriptSizeBytes":810}
equality.growing.13 {"exBudgetCPU":714308796,"exBudgetMemory":1677484,"scriptSizeBytes":845}
equality.growing.14 {"exBudgetCPU":823124722,"exBudgetMemory":1923744,"scriptSizeBytes":881}
equality.growing.15 {"exBudgetCPU":939865248,"exBudgetMemory":2187324,"scriptSizeBytes":916}
equality.growing.16 {"exBudgetCPU":1064530374,"exBudgetMemory":2468224,"scriptSizeBytes":951}
equality.growing.17 {"exBudgetCPU":1197120100,"exBudgetMemory":2766444,"scriptSizeBytes":986}
normalize.identity {"exBudgetCPU":35595548,"exBudgetMemory":105757,"scriptSizeBytes":562}
normalize.empty {"exBudgetCPU":24172001,"exBudgetMemory":70961,"scriptSizeBytes":444}
assertSorted.succeeds {"exBudgetCPU":30261271,"exBudgetMemory":95282,"scriptSizeBytes":519}
assertSorted.fails on malsorted symbols {"exBudgetCPU":20705777,"exBudgetMemory":62290,"scriptSizeBytes":340}
assertSorted.fails on zero quantities {"exBudgetCPU":21820727,"exBudgetMemory":62160,"scriptSizeBytes":519}
assertSorted.fails on empty token map {"exBudgetCPU":1240239,"exBudgetMemory":455,"scriptSizeBytes":262}