singleton {"exBudgetCPU":1708940,"exBudgetMemory":6256,"scriptSizeBytes":68}
singletonData {"exBudgetCPU":3189793,"exBudgetMemory":7490,"scriptSizeBytes":80}
valueOf.itself {"exBudgetCPU":851100,"exBudgetMemory":3800,"scriptSizeBytes":115}
valueOf.applied {"exBudgetCPU":8887341,"exBudgetMemory":23308,"scriptSizeBytes":183}
valueOf.growing.1 {"exBudgetCPU":6189368,"exBudgetMemory":18450,"scriptSizeBytes":193}
valueOf.growing.2 {"exBudgetCPU":24912884,"exBudgetMemory":70516,"scriptSizeBytes":974}
valueOf.growing.3 {"exBudgetCPU":50892997,"exBudgetMemory":144844,"scriptSizeBytes":1016}
valueOf.growing.4 {"exBudgetCPU":86397726,"exBudgetMemory":244302,"scriptSizeBytes":1035}
valueOf.growing.5 {"exBudgetCPU":132048071,"exBudgetMemory":371590,"scriptSizeBytes":1053}
valueOf.growing.6 {"exBudgetCPU":187844032,"exBudgetMemory":526708,"scriptSizeBytes":1071}
valueOf.growing.7 {"exBudgetCPU":253785609,"exBudgetMemory":709656,"scriptSizeBytes":1090}
valueOf.growing.8 {"exBudgetCPU":329872802,"exBudgetMemory":920434,"scriptSizeBytes":1108}
valueOf.growing.9 {"exBudgetCPU":418859998,"exBudgetMemory":1164200,"scriptSizeBytes":1126}
valueOf.growing.10 {"exBudgetCPU":512820349,"exBudgetMemory":1426708,"scriptSizeBytes":1143}
valueOf.growing.11 {"exBudgetCPU":616926316,"exBudgetMemory":1717046,"scriptSizeBytes":1161}
valueOf.growing.12 {"exBudgetCPU":731177899,"exBudgetMemory":2035214,"scriptSizeBytes":1180}
valueOf.growing.13 {"exBudgetCPU":855575098,"exBudgetMemory":2381212,"scriptSizeBytes":1198}
valueOf.growing.14 {"exBudgetCPU":990117913,"exBudgetMemory":2755040,"scriptSizeBytes":1216}
valueOf.growing.15 {"exBudgetCPU":1134806344,"exBudgetMemory":3156698,"scriptSizeBytes":1235}
valueOf.growing.16 {"exBudgetCPU":1289640391,"exBudgetMemory":3586186,"scriptSizeBytes":1253}
valueOf.growing.17 {"exBudgetCPU":1454620054,"exBudgetMemory":4043504,"scriptSizeBytes":1272}
zipWith.const {"exBudgetCPU":17701110,"exBudgetMemory":52168,"scriptSizeBytes":891}
zipWith.(+).itself {"exBudgetCPU":943100,"exBudgetMemory":4200,"scriptSizeBytes":813}
zipWith.(+).applied {"exBudgetCPU":17792587,"exBudgetMemory":51670,"scriptSizeBytes":888}
zipWith.tokens {"exBudgetCPU":21066198,"exBudgetMemory":61022,"scriptSizeBytes":898}
zipWith.symbols {"exBudgetCPU":22869383,"exBudgetMemory":69768,"scriptSizeBytes":890}
zipWith.growing.1 {"exBudgetCPU":22869383,"exBudgetMemory":69768,"scriptSizeBytes":890}
zipWith.growing.2 {"exBudgetCPU":44684495,"exBudgetMemory":131720,"scriptSizeBytes":936}
zipWith.growing.3 {"exBudgetCPU":77840150,"exBudgetMemory":227548,"scriptSizeBytes":957}
zipWith.growing.4 {"exBudgetCPU":121072421,"exBudgetMemory":350906,"scriptSizeBytes":975}
zipWith.growing.5 {"exBudgetCPU":174450308,"exBudgetMemory":502094,"scriptSizeBytes":994}
zipWith.growing.6 {"exBudgetCPU":237973811,"exBudgetMemory":681112,"scriptSizeBytes":1012}
zipWith.growing.7 {"exBudgetCPU":311642930,"exBudgetMemory":887960,"scriptSizeBytes":1030}
zipWith.growing.8 {"exBudgetCPU":395457665,"exBudgetMemory":1122638,"scriptSizeBytes":1049}
zipWith.growing.9 {"exBudgetCPU":487533089,"exBudgetMemory":1376100,"scriptSizeBytes":1065}
zipWith.growing.10 {"exBudgetCPU":590065165,"exBudgetMemory":1665366,"scriptSizeBytes":1083}
zipWith.growing.11 {"exBudgetCPU":701562411,"exBudgetMemory":1978366,"scriptSizeBytes":1101}
zipWith.growing.12 {"exBudgetCPU":823205273,"exBudgetMemory":2319196,"scriptSizeBytes":1119}
zipWith.growing.13 {"exBudgetCPU":954993751,"exBudgetMemory":2687856,"scriptSizeBytes":1138}
zipWith.growing.14 {"exBudgetCPU":1096927845,"exBudgetMemory":3084346,"scriptSizeBytes":1156}
zipWith.growing.15 {"exBudgetCPU":1249007555,"exBudgetMemory":3508666,"scriptSizeBytes":1174}
zipWith.growing.16 {"exBudgetCPU":1411232881,"exBudgetMemory":3960816,"scriptSizeBytes":1193}
zipWith.growing.17 {"exBudgetCPU":1583603823,"exBudgetMemory":4440796,"scriptSizeBytes":1211}
zipWithData const.itself {"exBudgetCPU":943100,"exBudgetMemory":4200,"scriptSizeBytes":795}
zipWithData const.applied {"exBudgetCPU":17130396,"exBudgetMemory":49972,"scriptSizeBytes":873}
inv {"exBudgetCPU":8006438,"exBudgetMemory":25962,"scriptSizeBytes":175}
equality.itself {"exBudgetCPU":23100,"exBudgetMemory":200,"scriptSizeBytes":15}
equality.triviallyTrue {"exBudgetCPU":5254875,"exBudgetMemory":13977,"scriptSizeBytes":100}
equality.triviallyFalse {"exBudgetCPU":5185875,"exBudgetMemory":13677,"scriptSizeBytes":109}
equality.swappedTokensTrue {"exBudgetCPU":43900837,"exBudgetMemory":122609,"scriptSizeBytes":961}
equality.swappedSymbolsTrue {"exBudgetCPU":48034481,"exBudgetMemory":141901,"scriptSizeBytes":952}
equality.growing.1 {"exBudgetCPU":5254875,"exBudgetMemory":13977,"scriptSizeBytes":100}
equality.growing.2 {"exBudgetCPU":43862767,"exBudgetMemory":122609,"scriptSizeBytes":956}
equality.growing.3 {"exBudgetCPU":90052979,"exBudgetMemory":258305,"scriptSizeBytes":991}
equality.growing.4 {"exBudgetCPU":156534423,"exBudgetMemory":449661,"scriptSizeBytes":1026}
equality.growing.5 {"exBudgetCPU":243307099,"exBudgetMemory":696677,"scriptSizeBytes":1062}
equality.growing.6 {"exBudgetCPU":350371007,"exBudgetMemory":999353,"scriptSizeBytes":1097}
equality.growing.7 {"exBudgetCPU":477726147,"exBudgetMemory":1357689,"scriptSizeBytes":1132}
equality.growing.8 {"exBudgetCPU":625372519,"exBudgetMemory":1771685,"scriptSizeBytes":1167}
equality.growing.9 {"exBudgetCPU":793310123,"exBudgetMemory":2241341,"scriptSizeBytes":1203}
equality.growing.10 {"exBudgetCPU":981538959,"exBudgetMemory":2766657,"scriptSizeBytes":1238}
equality.growing.11 {"exBudgetCPU":1190059027,"exBudgetMemory":3347633,"scriptSizeBytes":1273}
equality.growing.12 {"exBudgetCPU":1418870327,"exBudgetMemory":3984269,"scriptSizeBytes":1308}
equality.growing.13 {"exBudgetCPU":1667972859,"exBudgetMemory":4676565,"scriptSizeBytes":1344}
equality.growing.14 {"exBudgetCPU":1937366623,"exBudgetMemory":5424521,"scriptSizeBytes":1379}
equality.growing.15 {"exBudgetCPU":2227051619,"exBudgetMemory":6228137,"scriptSizeBytes":1414}
equality.growing.16 {"exBudgetCPU":2537027847,"exBudgetMemory":7087413,"scriptSizeBytes":1449}
equality.growing.17 {"exBudgetCPU":2867295307,"exBudgetMemory":8002349,"scriptSizeBytes":1485}
normalize.identity {"exBudgetCPU":47732219,"exBudgetMemory":141893,"scriptSizeBytes":1118}
normalize.empty {"exBudgetCPU":24404541,"exBudgetMemory":70289,"scriptSizeBytes":1001}
assertSorted.succeeds {"exBudgetCPU":42259942,"exBudgetMemory":130818,"scriptSizeBytes":1074}
assertSorted.fails on malsorted symbols {"exBudgetCPU":20705777,"exBudgetMemory":62290,"scriptSizeBytes":340}
assertSorted.fails on zero quantities {"exBudgetCPU":22237267,"exBudgetMemory":62288,"scriptSizeBytes":1073}
assertSorted.fails on empty token map {"exBudgetCPU":1240239,"exBudgetMemory":455,"scriptSizeBytes":262}
Ada.adaSymbol {"exBudgetCPU":23100,"exBudgetMemory":200,"scriptSizeBytes":8}
Ada.adaToken {"exBudgetCPU":23100,"exBudgetMemory":200,"scriptSizeBytes":8}
Ada.lovelaceValueOf {"exBudgetCPU":230100,"exBudgetMemory":1100,"scriptSizeBytes":53}
Ada.isAdaOnlyValue.itself {"exBudgetCPU":23100,"exBudgetMemory":200,"scriptSizeBytes":45}
Ada.isAdaOnlyValue.true on empty {"exBudgetCPU":497454,"exBudgetMemory":1532,"scriptSizeBytes":50}
Ada.isAdaOnlyValue.trivially false {"exBudgetCPU":4349105,"exBudgetMemory":10950,"scriptSizeBytes":107}
Ada.isAdaOnlyValue.less trivially false {"exBudgetCPU":25348548,"exBudgetMemory":73762,"scriptSizeBytes":925}
Ada.adaOnlyValue.itself {"exBudgetCPU":184100,"exBudgetMemory":900,"scriptSizeBytes":52}
Ada.adaOnlyValue.on empty {"exBudgetCPU":589454,"exBudgetMemory":1932,"scriptSizeBytes":51}
Ada.adaOnlyValue.on non-Ada {"exBudgetCPU":4356574,"exBudgetMemory":10950,"scriptSizeBytes":109}
Ada.adaOnlyValue.on Ada {"exBudgetCPU":4287574,"exBudgetMemory":10650,"scriptSizeBytes":95}
Ada.noAdaValue.itself {"exBudgetCPU":23100,"exBudgetMemory":200,"scriptSizeBytes":37}
Ada.noAdaValue.on empty {"exBudgetCPU":497454,"exBudgetMemory":1532,"scriptSizeBytes":43}
Ada.noAdaValue.on non-Ada {"exBudgetCPU":4082014,"exBudgetMemory":10018,"scriptSizeBytes":100}
Ada.noAdaValue.on Ada {"exBudgetCPU":4013014,"exBudgetMemory":9718,"scriptSizeBytes":87}