pnot.lam {"exBudgetCPU":23100,"exBudgetMemory":200,"scriptSizeBytes":13}
pnot.app {"exBudgetCPU":333656,"exBudgetMemory":1201,"scriptSizeBytes":15}
pand.tf {"exBudgetCPU":448656,"exBudgetMemory":1701,"scriptSizeBytes":19}
pand.ft {"exBudgetCPU":448656,"exBudgetMemory":1701,"scriptSizeBytes":19}
pand.tt {"exBudgetCPU":448656,"exBudgetMemory":1701,"scriptSizeBytes":19}
pand.ff {"exBudgetCPU":448656,"exBudgetMemory":1701,"scriptSizeBytes":19}
pand.laziness.pand {"exBudgetCPU":402656,"exBudgetMemory":1501,"scriptSizeBytes":17}
pand.laziness.op {"exBudgetCPU":448656,"exBudgetMemory":1701,"scriptSizeBytes":18}
pand.laziness.pand.perror.op {"exBudgetCPU":80656,"exBudgetMemory":101,"scriptSizeBytes":18}
por.tf {"exBudgetCPU":379656,"exBudgetMemory":1401,"scriptSizeBytes":16}
por.ft {"exBudgetCPU":379656,"exBudgetMemory":1401,"scriptSizeBytes":16}
por.tt {"exBudgetCPU":379656,"exBudgetMemory":1401,"scriptSizeBytes":16}
por.ff {"exBudgetCPU":379656,"exBudgetMemory":1401,"scriptSizeBytes":16}
por.laziness.por {"exBudgetCPU":333656,"exBudgetMemory":1201,"scriptSizeBytes":15}
por.laziness.op {"exBudgetCPU":379656,"exBudgetMemory":1401,"scriptSizeBytes":15}
por.laziness.pand.perror.op.true {"exBudgetCPU":379656,"exBudgetMemory":1401,"scriptSizeBytes":15}
por.laziness.pand.perror.op.false {"exBudgetCPU":80656,"exBudgetMemory":101,"scriptSizeBytes":15}