eq.true.left program
  1.0.0
  ((\!0 !0 ->
      !2
        (\!0 -> !2 (\!0 -> equalsInteger !2 !1) (\!0 -> False))
        (\!0 -> !2 (\!0 -> False) (\!0 -> equalsInteger !2 !1)))
     ((\!0 !0 !0 -> !2 !3) 42)
     ((\!0 !0 !0 -> !2 !3) 42))
eq.true.right program
  1.0.0
  ((\!0 !0 ->
      !2
        (\!0 -> !2 (\!0 -> equalsInteger !2 !1) (\!0 -> False))
        (\!0 -> !2 (\!0 -> False) (\!0 -> equalsInteger !2 !1)))
     ((\!0 !0 !0 -> !1 !3) 42)
     ((\!0 !0 !0 -> !1 !3) 42))
eq.false.left-right program
  1.0.0
  ((\!0 !0 ->
      !2
        (\!0 -> !2 (\!0 -> equalsInteger !2 !1) (\!0 -> False))
        (\!0 -> !2 (\!0 -> False) (\!0 -> equalsInteger !2 !1)))
     ((\!0 !0 !0 -> !2 !3) 42)
     ((\!0 !0 !0 -> !1 !3) 42))
eq.false.left-left program
  1.0.0
  ((\!0 !0 ->
      !2
        (\!0 -> !2 (\!0 -> equalsInteger !2 !1) (\!0 -> False))
        (\!0 -> !2 (\!0 -> False) (\!0 -> equalsInteger !2 !1)))
     ((\!0 !0 !0 -> !2 !3) 24)
     ((\!0 !0 !0 -> !2 !3) 42))
eq.false.right-right program
  1.0.0
  ((\!0 !0 ->
      !2
        (\!0 -> !2 (\!0 -> equalsInteger !2 !1) (\!0 -> False))
        (\!0 -> !2 (\!0 -> False) (\!0 -> equalsInteger !2 !1)))
     ((\!0 !0 !0 -> !1 !3) 24)
     ((\!0 !0 !0 -> !1 !3) 42))