eq.true.left program
  1.0.0
  ((\  ->

        (\ ->  (\ -> equalsInteger  ) (\ -> False))
        (\ ->  (\ -> False) (\ -> equalsInteger  )))
     ((\   ->  ) 42)
     ((\   ->  ) 42))
eq.true.right program
  1.0.0
  ((\  ->

        (\ ->  (\ -> equalsInteger  ) (\ -> False))
        (\ ->  (\ -> False) (\ -> equalsInteger  )))
     ((\   ->  ) 42)
     ((\   ->  ) 42))
eq.false.left-right program
  1.0.0
  ((\  ->

        (\ ->  (\ -> equalsInteger  ) (\ -> False))
        (\ ->  (\ -> False) (\ -> equalsInteger  )))
     ((\   ->  ) 42)
     ((\   ->  ) 42))
eq.false.left-left program
  1.0.0
  ((\  ->

        (\ ->  (\ -> equalsInteger  ) (\ -> False))
        (\ ->  (\ -> False) (\ -> equalsInteger  )))
     ((\   ->  ) 24)
     ((\   ->  ) 42))
eq.false.right-right program
  1.0.0
  ((\  ->

        (\ ->  (\ -> equalsInteger  ) (\ -> False))
        (\ ->  (\ -> False) (\ -> equalsInteger  )))
     ((\   ->  ) 24)
     ((\   ->  ) 42))