allandhexdigit.allas {"exBudgetCPU":15292813,"exBudgetMemory":65342,"scriptSizeBytes":94}
allandhexdigit.not all as {"exBudgetCPU":7925678,"exBudgetMemory":34278,"scriptSizeBytes":93}
allandhexdigit.allhex {"exBudgetCPU":43801026,"exBudgetMemory":190507,"scriptSizeBytes":175}
allandhexdigit.notallhex {"exBudgetCPU":31349599,"exBudgetMemory":136919,"scriptSizeBytes":175}
allandhexdigit.pisHexDigit {"exBudgetCPU":45046068,"exBudgetMemory":209278,"scriptSizeBytes":187}
allandhexdigit.pisNoneHexDigit {"exBudgetCPU":128368971,"exBudgetMemory":586255,"scriptSizeBytes":235}