allandhexdigit.allas program
  1.0.0
  ((\ ->
      (\  ->
         (\ ->
            (\ -> (\ ->  (\ ->   )) (\ ->  (\ ->   )))
              (\  ->
                 force
                   (
                      (lessThanInteger  )
                      (delay
                         (force
                            (
                               ( (indexByteString  ))
                               (delay ( (addInteger  1)))
                               (delay False))))
                      (delay True)))
              0)
           (lengthOfByteString ))
        (\ -> equalsInteger  97)
        #61616161616161616161616161)
     (force ifThenElse))
allandhexdigit.not all as program
  1.0.0
  ((\ ->
      (\  ->
         (\ ->
            (\ -> (\ ->  (\ ->   )) (\ ->  (\ ->   )))
              (\  ->
                 force
                   (
                      (lessThanInteger  )
                      (delay
                         (force
                            (
                               ( (indexByteString  ))
                               (delay ( (addInteger  1)))
                               (delay False))))
                      (delay True)))
              0)
           (lengthOfByteString ))
        (\ -> equalsInteger  97)
        #616161616161626161616161)
     (force ifThenElse))
allandhexdigit.allhex program
  1.0.0
  ((\ ->
      (\ ->
         (\ ->
            (\ ->
               (\ ->
                  (\  ->
                     (\ ->
                        (\ -> (\ ->  (\ ->   )) (\ ->  (\ ->   )))
                          (\  ->
                             force
                               (
                                  (lessThanInteger  )
                                  (delay
                                     (force
                                        (
                                           ( (indexByteString  ))
                                           (delay ( (addInteger  1)))
                                           (delay False))))
                                  (delay True)))
                          0)
                       (lengthOfByteString ))
                    (\ ->
                       force
                         (
                            (force
                               (
                                  (lessThanEqualsInteger  57)
                                  (delay (lessThanEqualsInteger 48 ))))
                            (delay
                               (force
                                  (
                                     (force
                                        (
                                           (lessThanEqualsInteger  70)
                                           (delay (lessThanEqualsInteger 65 ))))
                                     (delay
                                        (force
                                           (
                                              (lessThanEqualsInteger  102)
                                              (delay
                                                 (lessThanEqualsInteger
                                                    97
                                                    ))))))))))
                    #3561376331386561653837373864313533343466)
                 (\ ->   ))
              (delay True))
           (\  ->    ))
        (force ifThenElse))
     (delay False))
allandhexdigit.notallhex program
  1.0.0
  ((\ ->
      (\ ->
         (\ ->
            (\ ->
               (\ ->
                  (\  ->
                     (\ ->
                        (\ -> (\ ->  (\ ->   )) (\ ->  (\ ->   )))
                          (\  ->
                             force
                               (
                                  (lessThanInteger  )
                                  (delay
                                     (force
                                        (
                                           ( (indexByteString  ))
                                           (delay ( (addInteger  1)))
                                           (delay False))))
                                  (delay True)))
                          0)
                       (lengthOfByteString ))
                    (\ ->
                       force
                         (
                            (force
                               (
                                  (lessThanEqualsInteger  57)
                                  (delay (lessThanEqualsInteger 48 ))))
                            (delay
                               (force
                                  (
                                     (force
                                        (
                                           (lessThanEqualsInteger  70)
                                           (delay (lessThanEqualsInteger 65 ))))
                                     (delay
                                        (force
                                           (
                                              (lessThanEqualsInteger  102)
                                              (delay
                                                 (lessThanEqualsInteger
                                                    97
                                                    ))))))))))
                    #3561376331386561653837373867313533343466)
                 (\ ->   ))
              (delay True))
           (\  ->    ))
        (force ifThenElse))
     (delay False))
allandhexdigit.pisHexDigit program
  1.0.0
  ((\ ->
      (\ ->
         (\ ->
            (\ ->
               (\ ->
                  (\ ->
                     (\ ->
                         (\  ->  (\  -> force ( ( ) (delay ( )))) (delay True)))
                       (\ ->
                          force
                            (
                               (force
                                  (
                                     (lessThanEqualsInteger  57)
                                     (delay (lessThanEqualsInteger 48 ))))
                               (delay
                                  (force
                                     (
                                        (force
                                           (
                                              (lessThanEqualsInteger  70)
                                              (delay
                                                 (lessThanEqualsInteger 65 ))))
                                        (delay
                                           (force
                                              (
                                                 (lessThanEqualsInteger  102)
                                                 (delay
                                                    (lessThanEqualsInteger
                                                       97
                                                       ))))))))))
                       (
                          (\  ->
                             force
                               (force (force chooseList)

                                  (delay (\  -> force ))
                                  (delay
                                     ((\    ->   )
                                        (force headList )
                                        ( (force tailList ))))))
                          [49,50,51,52,53,54,55,56,57,48,97,98,99,100,101,102]))
                    (\ ->   ))
                 (delay True))
              (\  ->    ))
           (force ifThenElse))
        (delay False))
     (\ -> (\ ->  (\ ->   )) (\ ->  (\ ->   ))))
allandhexdigit.pisNoneHexDigit program
  1.0.0
  ((\ ->
      (\ ->
         (\ ->
            (\ ->
               (\ ->
                  (\ ->
                     (\ ->

                          (\  ->
                              (\  -> force ( ( ) (delay ( )))) (delay False)))
                       (\ ->
                          force
                            (
                               (force
                                  (
                                     (lessThanEqualsInteger  57)
                                     (delay (lessThanEqualsInteger 48 ))))
                               (delay
                                  (force
                                     (
                                        (force
                                           (
                                              (lessThanEqualsInteger  70)
                                              (delay
                                                 (lessThanEqualsInteger 65 ))))
                                        (delay
                                           (force
                                              (
                                                 (lessThanEqualsInteger  102)
                                                 (delay
                                                    (lessThanEqualsInteger
                                                       97
                                                       ))))))))))
                       (
                          (\  ->
                             force
                               (force (force chooseList)

                                  (delay (\  -> force ))
                                  (delay
                                     ((\    ->   )
                                        (force headList )
                                        ( (force tailList ))))))
                          [103,104,105,107,106,107,108,109,110,111,112,113,114,115,116,117,118,119,120,121,122,32,33,64,35,36,37,94,38,42,40,41,91,93,123,125,96,126]))
                    (\ ->   ))
                 (delay True))
              (\  ->    ))
           (force ifThenElse))
        (delay False))
     (\ -> (\ ->  (\ ->   )) (\ ->  (\ ->   ))))