lam.tripSum program
  1.0.0
  ((\ ->
      (\  ->
         (\ ->
            (\ ->
               addInteger
                 (addInteger (unIData ( )) (unIData ( )))
                 (unIData ( ( ))))
              ( ))
           (force (force sndPair) (unConstrData )))
        (force headList))
     (force tailList))
lam.getY program
  1.0.0
  (\ -> force headList (force tailList (force (force sndPair) (unConstrData ))))
lam.tripYZ program
  1.0.0
  ((\ ->
      (\  ->
         (\ -> addInteger (unIData ( )) (unIData ( ( ))))
           ( (force (force sndPair) (unConstrData ))))
        (force headList))
     (force tailList))
tripSum.A program
  1.0.0
  ((\ ->
      (\ ->
         (\ ->
            (\ ->
               (\ ->
                  (\ ->
                     addInteger
                       (addInteger (unIData ( )) (unIData ( )))
                       (unIData ( ( ))))
                    ( ))
                 (force (force sndPair) (unConstrData )))
              (constrData 0 ( (iData 150) ( (iData 750) ( (iData 100) [])))))
           (force headList))
        (force tailList))
     (force mkCons))
tripSum.B program
  1.0.0
  ((\ ->
      (\ ->
         (\ ->
            (\ ->
               (\ ->
                  (\ ->
                     addInteger
                       (addInteger (unIData ( )) (unIData ( )))
                       (unIData ( ( ))))
                    ( ))
                 (force (force sndPair) (unConstrData )))
              (constrData 0 ( (iData 50) ( (iData 10) ( (iData 40) [])))))
           (force headList))
        (force tailList))
     (force mkCons))
tripSum.C program
  1.0.0
  ((\ ->
      (\ ->
         (\ ->
            (\ ->
               (\ ->
                  (\ ->
                     addInteger
                       (addInteger (unIData ( )) (unIData ( )))
                       (unIData ( ( ))))
                    ( ))
                 (force (force sndPair) (unConstrData )))
              (constrData 0 ( (iData 1) ( (iData 8) ( (iData 1) [])))))
           (force headList))
        (force tailList))
     (force mkCons))
tripYZ=tripZY program
  1.0.0
  ((\ ->
      (\  ->
         (\ -> addInteger (unIData ( )) (unIData ( ( ))))
           ( (force (force sndPair) (unConstrData ))))
        (force headList))
     (force tailList))