letSomeFields.lam {"exBudgetCPU":192100,"exBudgetMemory":1300,"scriptSizeBytes":55}
letSomeFields.order {"exBudgetCPU":192100,"exBudgetMemory":1300,"scriptSizeBytes":55}
letSomeFields.app {"exBudgetCPU":2061839,"exBudgetMemory":6620,"scriptSizeBytes":97}
nFields.lam {"exBudgetCPU":80100,"exBudgetMemory":600,"scriptSizeBytes":23}
nFields.app {"exBudgetCPU":758759,"exBudgetMemory":2562,"scriptSizeBytes":68}