by program
  1.0.0
  ((\ ->
      (\ ->
         unIData
           (force headList
              (force tailList (force (force sndPair) (unConstrData )))))
        (constrData 0 ( (iData 50) ( (iData 10) ( (iData 40) [])))))
     (force mkCons))
dotPlus program
  1.0.0
  ((\ ->
      (\ ->
         (\ ->
            (\ ->
               (\ ->
                  (\ ->
                     (\ ->
                        (\ ->
                           (\ ->
                              (\ ->
                                 (\ ->
                                    (\ ->
                                       (\ ->
                                          (\ ->
                                             addInteger
                                               (addInteger
                                                  (addInteger
                                                     (addInteger
                                                        (addInteger
                                                           (multiplyInteger
                                                              (unIData ( ))
                                                              (unIData ( )))
                                                           (multiplyInteger
                                                              (unIData ( ))
                                                              (unIData ( ))))
                                                        (multiplyInteger
                                                           (unIData ( ( )))
                                                           (unIData ( ( )))))
                                                     (unIData ( )))
                                                  (unIData ( )))
                                               (unIData ( ( ))))
                                            ( ))
                                         ( ( ( ))))
                                      ( ))
                                   ( ( )))
                                ( ))
                             ( ( )))
                          ( ))
                       (
                          (constrData
                             0
                             (
                                (constrData
                                   0
                                   (
                                      (iData 150)
                                      ( (iData 750) ( (iData 100) ))))
                                (
                                   (constrData
                                      0
                                      (
                                         (iData 50)
                                         ( (iData 10) ( (iData 40) ))))
                                   (
                                      (constrData
                                         0
                                         (
                                            (iData 1)
                                            ( (iData 8) ( (iData 1) ))))
                                      ))))))
                    (force headList))
                 (force tailList))
              (\ ->  (unConstrData )))
           (force (force sndPair)))
        (force mkCons))
     [])