letSomeFields.lam (program 1.0.0 ((\i0 -> \i0 -> (\i0 -> (\i0 -> addInteger (addInteger (unIData (force headList i2)) (unIData (force headList i1))) (unIData (force headList (i4 (force tailList i1))))) (force tailList i1)) (force tailList (i2 i1))) (\i0 -> force tailList (force tailList i1))))
letSomeFields.order (program 1.0.0 ((\i0 -> \i0 -> (\i0 -> (\i0 -> addInteger (addInteger (unIData (force headList i2)) (unIData (force headList i1))) (unIData (force headList (i4 (force tailList i1))))) (force tailList i1)) (force tailList (i2 i1))) (\i0 -> force tailList (force tailList i1))))
letSomeFields.app (program 1.0.0 ((\i0 -> (\i0 -> (\i0 -> (\i0 -> addInteger (addInteger (unIData (force headList i2)) (unIData (force headList i1))) (unIData (force headList (i4 (force tailList i1))))) (force tailList i1)) (force tailList (i2 i1))) [ #00
                                                                                                                                                                                                                                        , #01
                                                                                                                                                                                                                                        , #02
                                                                                                                                                                                                                                        , #03
                                                                                                                                                                                                                                        , #04
                                                                                                                                                                                                                                        , #05
                                                                                                                                                                                                                                        , #06
                                                                                                                                                                                                                                        , #07
                                                                                                                                                                                                                                        , #08
                                                                                                                                                                                                                                        , #09 ]) (\i0 -> force tailList (force tailList i1))))
nFields.lam (program 1.0.0 (\i0 -> addInteger (unIData (force headList i1)) (unIData (force headList (force tailList i1)))))
nFields.app (program 1.0.0 ((\i0 -> addInteger (unIData (force headList i1)) (unIData (force headList (force tailList i1)))) [ #00
                                                                                                                 , #01
                                                                                                                 , #02
                                                                                                                 , #03
                                                                                                                 , #04
                                                                                                                 , #05
                                                                                                                 , #06
                                                                                                                 , #07
                                                                                                                 , #08
                                                                                                                 , #09 ]))