lam.tripSum (program 1.0.0 ((\i0 ->
                   (\i0
                     i0 ->
                      (\i0 ->
                         (\i0 ->
                            addInteger
                              (addInteger (unIData (i4 i2)) (unIData (i4 i1)))
                              (unIData (i4 (i5 i1))))
                           (i4 i1))
                        (force (force sndPair) (unConstrData i1)))
                     (force headList))
                  (force tailList)))
lam.getY (program 1.0.0 (\i0 ->
                  force headList
                    (force tailList (force (force sndPair) (unConstrData i1)))))
lam.tripYZ (program 1.0.0 ((\i0 ->
                   (\i0
                     i0 ->
                      (\i0 ->
                         addInteger (unIData (i3 i1)) (unIData (i3 (i4 i1))))
                        (i3 (force (force sndPair) (unConstrData i1))))
                     (force headList))
                  (force tailList)))
tripSum.A (program 1.0.0 ((\i0 ->
                   (\i0 ->
                      (\i0 ->
                         (\i0 ->
                            (\i0 ->
                               (\i0 ->
                                  addInteger
                                    (addInteger
                                       (unIData (i4 i2))
                                       (unIData (i4 i1)))
                                    (unIData (i4 (i5 i1))))
                                 (i4 i1))
                              (force (force sndPair) (unConstrData i1)))
                           (constrData
                              0
                              (i3
                                 (iData 150)
                                 (i3 (iData 750) (i3 (iData 100) [])))))
                        (force headList))
                     (force tailList))
                  (force mkCons)))
tripSum.B (program 1.0.0 ((\i0 ->
                   (\i0 ->
                      (\i0 ->
                         (\i0 ->
                            (\i0 ->
                               (\i0 ->
                                  addInteger
                                    (addInteger
                                       (unIData (i4 i2))
                                       (unIData (i4 i1)))
                                    (unIData (i4 (i5 i1))))
                                 (i4 i1))
                              (force (force sndPair) (unConstrData i1)))
                           (constrData
                              0
                              (i3
                                 (iData 50)
                                 (i3 (iData 10) (i3 (iData 40) [])))))
                        (force headList))
                     (force tailList))
                  (force mkCons)))
tripSum.C (program 1.0.0 ((\i0 ->
                   (\i0 ->
                      (\i0 ->
                         (\i0 ->
                            (\i0 ->
                               (\i0 ->
                                  addInteger
                                    (addInteger
                                       (unIData (i4 i2))
                                       (unIData (i4 i1)))
                                    (unIData (i4 (i5 i1))))
                                 (i4 i1))
                              (force (force sndPair) (unConstrData i1)))
                           (constrData
                              0
                              (i3 (iData 1) (i3 (iData 8) (i3 (iData 1) [])))))
                        (force headList))
                     (force tailList))
                  (force mkCons)))
tripYZ=tripZY (program 1.0.0 ((\i0 ->
                   (\i0
                     i0 ->
                      (\i0 ->
                         addInteger (unIData (i3 i1)) (unIData (i3 (i4 i1))))
                        (i3 (force (force sndPair) (unConstrData i1))))
                     (force headList))
                  (force tailList)))