add1 program 1.0.0 (\  -> addInteger (addInteger  ) 1)
add1Hoisted program 1.0.0 (\  -> addInteger (addInteger  ) 1)
example1 program
  1.0.0
  ((\ -> addInteger ( 12 32) ( 5 4)) (\  -> addInteger (addInteger  ) 1))
example2 program 1.0.0 (\ ->  (\ -> addInteger  1) (\ -> subtractInteger  1))
fib.lam program
  1.0.0
  ((\ ->
      (\ -> (\ ->  (\ ->   )) (\ ->  (\ ->   )))
        (\  ->
           force
             (
                (equalsInteger  0)
                (delay 0)
                (delay
                   (force
                      (
                         (equalsInteger  1)
                         (delay 1)
                         (delay
                            (addInteger
                               ( (subtractInteger  1))
                               ( (subtractInteger  2))))))))))
     (force ifThenElse))
fib.app.9 program
  1.0.0
  ((\ ->
      (\ -> (\ ->  (\ ->   )) (\ ->  (\ ->   )))
        (\  ->
           force
             (
                (equalsInteger  0)
                (delay 0)
                (delay
                   (force
                      (
                         (equalsInteger  1)
                         (delay 1)
                         (delay
                            (addInteger
                               ( (subtractInteger  1))
                               ( (subtractInteger  2)))))))))
        9)
     (force ifThenElse))
uglyDouble program 1.0.0 (\ -> addInteger  )