map.ex1 (program 1.0.0 ((\i0 -> (\i0 -> (\i0 -> (\i0 -> mapData (i2 (\i0 -> \i0 -> i1 (\i0 -> \i0 -> i7 i2 (i4 i1)) (delay [  ])) ((\i0 -> i3 (\i0 -> \i0 -> i1 (\i0 -> \i0 -> i9 (i5 i2) (i4 i1)) (delay (\i0 -> \i0 -> force i1)))) (\i0 -> i1 (\i0 -> \i0 -> mkPairData (iData i2) (listData (i1 (\i0 -> \i0 -> i8 (iData i2) (i8 (iData i1) [  ])))))) i1))) (i3 (\i0 -> i1 1 (\i0 -> i1 1 2)) (i3 (\i0 -> i1 2 (\i0 -> i1 2 3)) (\i0 -> \i0 -> force i1)))) (\i0 -> (\i0 -> i2 (\i0 -> i2 i2 i1)) (\i0 -> i2 (\i0 -> i2 i2 i1)))) (force mkCons)) (\i0 -> \i0 -> \i0 -> \i0 -> i2 i4 i3)))
map.ex2 (program 1.0.0 ((\i0 -> (\i0 -> (\i0 -> mapData (i2 (\i0 -> \i0 -> i1 (\i0 -> \i0 -> i7 i2 (i4 i1)) (delay [  ])) ((\i0 -> i3 (\i0 -> \i0 -> i1 (\i0 -> \i0 -> (\i0 -> \i0 -> \i0 -> \i0 -> i2 i4 i3) (i5 i2) (i4 i1)) (delay (\i0 -> \i0 -> force i1)))) (\i0 -> i1 (\i0 -> \i0 -> mkPairData (iData i2) (listData (i1 (\i0 -> \i0 -> i8 (iData i2) (i8 (iData i1) [  ])))))) i1))) (\i0 -> \i0 -> force i1)) (\i0 -> (\i0 -> i2 (\i0 -> i2 i2 i1)) (\i0 -> i2 (\i0 -> i2 i2 i1)))) (force mkCons)))