pnull.empty {"exBudgetCPU":1162382,"exBudgetMemory":3532,"scriptSizeBytes":64}
pnull.nonempty {"exBudgetCPU":16261571,"exBudgetMemory":40093,"scriptSizeBytes":85}
pconcat.identity {"exBudgetCPU":2054437,"exBudgetMemory":7000,"scriptSizeBytes":64}
plength {"exBudgetCPU":27522836,"exBudgetMemory":71312,"scriptSizeBytes":95}
pelem {"exBudgetCPU":21833687,"exBudgetMemory":56502,"scriptSizeBytes":97}
pall {"exBudgetCPU":16886804,"exBudgetMemory":42193,"scriptSizeBytes":100}
plistEquals.true {"exBudgetCPU":46644574,"exBudgetMemory":122904,"scriptSizeBytes":126}
plistEquals.false {"exBudgetCPU":25469562,"exBudgetMemory":64918,"scriptSizeBytes":128}
plistEquals.empty {"exBudgetCPU":16381797,"exBudgetMemory":40024,"scriptSizeBytes":125}
pmap.eg {"exBudgetCPU":29309216,"exBudgetMemory":77312,"scriptSizeBytes":99}
pmap.identity {"exBudgetCPU":714652,"exBudgetMemory":2500,"scriptSizeBytes":54}
pfilter.1 {"exBudgetCPU":35949366,"exBudgetMemory":87322,"scriptSizeBytes":115}
pfilter.2 {"exBudgetCPU":30925386,"exBudgetMemory":83312,"scriptSizeBytes":110}
pzipWith {"exBudgetCPU":46106600,"exBudgetMemory":119104,"scriptSizeBytes":120}
pfoldl.primed.nonempty {"exBudgetCPU":27433517,"exBudgetMemory":71012,"scriptSizeBytes":92}
pfoldl.primed.empty {"exBudgetCPU":1608977,"exBudgetMemory":5032,"scriptSizeBytes":80}
pfoldl.primed.nonempty {"exBudgetCPU":27433517,"exBudgetMemory":71012,"scriptSizeBytes":92}
pfoldl.primed.empty {"exBudgetCPU":1608977,"exBudgetMemory":5032,"scriptSizeBytes":80}