sort xs1 (program 1.0.0 ((\i0 -> (\i0 -> (\i0 -> i1 (\i0 -> \i0 -> i1 (\i0 -> \i0 -> i1 (\i0 -> \i0 -> i7 (\i0 -> \i0 -> i1 (\i0 -> \i0 -> i1 (\i0 -> \i0 -> i6 i1 (\i0 -> \i0 -> \i0 -> i1 (i18 i7 i3) (i18 i5 i2))) (delay (\i0 -> i1 (i13 i3) (\i0 -> \i0 -> force i1)))) (delay (\i0 -> i1 (\i0 -> \i0 -> force i1) (\i0 -> \i0 -> force i1)))) i5 (\i0 -> \i0 -> i9 (\i0 -> \i0 -> \i0 -> i2 (\i0 -> \i0 -> i3 (\i0 -> \i0 -> force (force ifThenElse (lessThanEqualsInteger i4 i2) (delay (i18 i4 (i7 i3 i5))) (delay (i18 i2 (i7 i6 i1))))) (delay i4)) (delay i1)) (i8 i2) (i8 i1))) (delay (i6 i2))) (delay (\i0 -> \i0 -> force i1))) (i3 1 (i3 2 (i3 3 (i3 4 (i3 5 (i3 6 (i3 7 (i3 8 (i3 9 (i3 10 (\i0 -> \i0 -> force i1)))))))))))) (\i0 -> (\i0 -> i2 (\i0 -> i2 i2 i1)) (\i0 -> i2 (\i0 -> i2 i2 i1)))) (\i0 -> i2 i1 (\i0 -> \i0 -> force i1))) (\i0 -> \i0 -> \i0 -> \i0 -> i2 i4 i3)))
sort xs2 (program 1.0.0 ((\i0 -> (\i0 -> (\i0 -> i1 (\i0 -> \i0 -> i1 (\i0 -> \i0 -> i1 (\i0 -> \i0 -> i7 (\i0 -> \i0 -> i1 (\i0 -> \i0 -> i1 (\i0 -> \i0 -> i6 i1 (\i0 -> \i0 -> \i0 -> i1 (i18 i7 i3) (i18 i5 i2))) (delay (\i0 -> i1 (i13 i3) (\i0 -> \i0 -> force i1)))) (delay (\i0 -> i1 (\i0 -> \i0 -> force i1) (\i0 -> \i0 -> force i1)))) i5 (\i0 -> \i0 -> i9 (\i0 -> \i0 -> \i0 -> i2 (\i0 -> \i0 -> i3 (\i0 -> \i0 -> force (force ifThenElse (lessThanEqualsInteger i4 i2) (delay (i18 i4 (i7 i3 i5))) (delay (i18 i2 (i7 i6 i1))))) (delay i4)) (delay i1)) (i8 i2) (i8 i1))) (delay (i6 i2))) (delay (\i0 -> \i0 -> force i1))) (i3 10 (i3 9 (i3 8 (i3 7 (i3 6 (i3 5 (i3 4 (i3 3 (i3 2 (i3 1 (\i0 -> \i0 -> force i1)))))))))))) (\i0 -> (\i0 -> i2 (\i0 -> i2 i2 i1)) (\i0 -> i2 (\i0 -> i2 i2 i1)))) (\i0 -> i2 i1 (\i0 -> \i0 -> force i1))) (\i0 -> \i0 -> \i0 -> \i0 -> i2 i4 i3)))
sort xs3 (program 1.0.0 ((\i0 -> (\i0 -> (\i0 -> i1 (\i0 -> \i0 -> i1 (\i0 -> \i0 -> i1 (\i0 -> \i0 -> i7 (\i0 -> \i0 -> i1 (\i0 -> \i0 -> i1 (\i0 -> \i0 -> i6 i1 (\i0 -> \i0 -> \i0 -> i1 (i18 i7 i3) (i18 i5 i2))) (delay (\i0 -> i1 (i13 i3) (\i0 -> \i0 -> force i1)))) (delay (\i0 -> i1 (\i0 -> \i0 -> force i1) (\i0 -> \i0 -> force i1)))) i5 (\i0 -> \i0 -> i9 (\i0 -> \i0 -> \i0 -> i2 (\i0 -> \i0 -> i3 (\i0 -> \i0 -> force (force ifThenElse (lessThanEqualsInteger i4 i2) (delay (i18 i4 (i7 i3 i5))) (delay (i18 i2 (i7 i6 i1))))) (delay i4)) (delay i1)) (i8 i2) (i8 i1))) (delay (i6 i2))) (delay (\i0 -> \i0 -> force i1))) (i3 1 (i3 2 (i3 3 (i3 4 (i3 5 (i3 6 (i3 7 (i3 8 (i3 9 (i3 10 (i3 20 (i3 19 (i3 18 (i3 17 (i3 16 (i3 15 (i3 14 (i3 13 (i3 12 (i3 11 (\i0 -> \i0 -> force i1)))))))))))))))))))))) (\i0 -> (\i0 -> i2 (\i0 -> i2 i2 i1)) (\i0 -> i2 (\i0 -> i2 i2 i1)))) (\i0 -> i2 i1 (\i0 -> \i0 -> force i1))) (\i0 -> \i0 -> \i0 -> \i0 -> i2 i4 i3)))