pmatch {"exBudgetCPU":1500100,"exBudgetMemory":420,"scriptSizeBytes":63}
phead {"exBudgetCPU":16161254,"exBudgetMemory":39293,"scriptSizeBytes":79}
ptail {"exBudgetCPU":43972595,"exBudgetMemory":115806,"scriptSizeBytes":142}
pnull.nonempty {"exBudgetCPU":16261571,"exBudgetMemory":40093,"scriptSizeBytes":85}
pnull.empty {"exBudgetCPU":1162382,"exBudgetMemory":3532,"scriptSizeBytes":64}
pconcat.identity {"exBudgetCPU":103352323,"exBudgetMemory":279509,"scriptSizeBytes":188}
pmap.eg {"exBudgetCPU":60228134,"exBudgetMemory":161924,"scriptSizeBytes":163}
pmap.identity {"exBudgetCPU":1726934,"exBudgetMemory":5900,"scriptSizeBytes":97}
pfilter.evens {"exBudgetCPU":51394506,"exBudgetMemory":129344,"scriptSizeBytes":175}
pfilter.gt5 {"exBudgetCPU":46370526,"exBudgetMemory":125334,"scriptSizeBytes":170}
pzipWith.double {"exBudgetCPU":77799616,"exBudgetMemory":206316,"scriptSizeBytes":174}
pfoldl.nonempty0 {"exBudgetCPU":27690477,"exBudgetMemory":71413,"scriptSizeBytes":96}
pfoldl.nonempty1 {"exBudgetCPU":27690477,"exBudgetMemory":71413,"scriptSizeBytes":96}
pfoldl.empty0 {"exBudgetCPU":1865937,"exBudgetMemory":5433,"scriptSizeBytes":85}
pfoldl.empty1 {"exBudgetCPU":1865937,"exBudgetMemory":5433,"scriptSizeBytes":85}
elemAt.elemAt_3_[1..10] {"exBudgetCPU":8885733,"exBudgetMemory":25516,"scriptSizeBytes":138}
elemAt.elemAt_0_[1..10] {"exBudgetCPU":4039782,"exBudgetMemory":12604,"scriptSizeBytes":138}
elemAt.elemAt_9_[1..10] {"exBudgetCPU":18577635,"exBudgetMemory":51340,"scriptSizeBytes":138}
find.find_(==3)_[1..4] {"exBudgetCPU":5088068,"exBudgetMemory":15806,"scriptSizeBytes":89}
find.find_(==5)_[1..4] {"exBudgetCPU":7190955,"exBudgetMemory":22408,"scriptSizeBytes":89}