insert.exa1 {"exBudgetCPU":12274273,"exBudgetMemory":31830,"scriptSizeBytes":369}
insert.exa2 {"exBudgetCPU":12990375,"exBudgetMemory":33632,"scriptSizeBytes":369}
insert.exa3 {"exBudgetCPU":14646667,"exBudgetMemory":38734,"scriptSizeBytes":369}
insert.exa4 {"exBudgetCPU":17019061,"exBudgetMemory":45638,"scriptSizeBytes":369}
insert.exa5 {"exBudgetCPU":17019061,"exBudgetMemory":45638,"scriptSizeBytes":369}
insert.exa6 {"exBudgetCPU":18509261,"exBudgetMemory":50040,"scriptSizeBytes":369}
lookup.exa1 {"exBudgetCPU":2519809,"exBudgetMemory":8102,"scriptSizeBytes":137}
lookup.exa2 {"exBudgetCPU":5161710,"exBudgetMemory":15308,"scriptSizeBytes":137}
lookup.exa3 {"exBudgetCPU":6728683,"exBudgetMemory":20110,"scriptSizeBytes":137}
lookup.exa4 {"exBudgetCPU":7950926,"exBudgetMemory":23612,"scriptSizeBytes":137}
unionWithAdd.exa1 {"exBudgetCPU":14251806,"exBudgetMemory":44314,"scriptSizeBytes":420}
unionWithAdd.exa2 {"exBudgetCPU":13357066,"exBudgetMemory":41912,"scriptSizeBytes":420}
unionWithAdd.exa3 {"exBudgetCPU":10359439,"exBudgetMemory":32908,"scriptSizeBytes":420}
unionWithSub.exa1 {"exBudgetCPU":14251806,"exBudgetMemory":44314,"scriptSizeBytes":420}
unionWithSub.exa2 {"exBudgetCPU":13357066,"exBudgetMemory":41912,"scriptSizeBytes":420}
unionWithSub.exa3 {"exBudgetCPU":10359439,"exBudgetMemory":32908,"scriptSizeBytes":420}
filterWithKey.exa1 {"exBudgetCPU":9759068,"exBudgetMemory":27212,"scriptSizeBytes":178}
filterWithKey.exa1 {"exBudgetCPU":12956182,"exBudgetMemory":35622,"scriptSizeBytes":178}
filterWithKey.exa1 {"exBudgetCPU":11357625,"exBudgetMemory":31417,"scriptSizeBytes":178}
findWithDefault.exa1 {"exBudgetCPU":2877085,"exBudgetMemory":9302,"scriptSizeBytes":151}
findWithDefault.exa2 {"exBudgetCPU":5489213,"exBudgetMemory":16408,"scriptSizeBytes":151}
findWithDefault.exa3 {"exBudgetCPU":8278429,"exBudgetMemory":24712,"scriptSizeBytes":151}
adjust.exa1 {"exBudgetCPU":1131474,"exBudgetMemory":3900,"scriptSizeBytes":218}
adjust.exa1 {"exBudgetCPU":1131474,"exBudgetMemory":3900,"scriptSizeBytes":218}
mapWithKey.exa1 {"exBudgetCPU":5478332,"exBudgetMemory":18500,"scriptSizeBytes":319}
mapWithKey.exa1 {"exBudgetCPU":5478332,"exBudgetMemory":18500,"scriptSizeBytes":319}
msingleton.exa1 {"exBudgetCPU":8595610,"exBudgetMemory":21825,"scriptSizeBytes":248}
msingleton.exa2 {"exBudgetCPU":10082067,"exBudgetMemory":24928,"scriptSizeBytes":248}
mmap.exa1 {"exBudgetCPU":5478332,"exBudgetMemory":18500,"scriptSizeBytes":315}
mmap.exa1 {"exBudgetCPU":5478332,"exBudgetMemory":18500,"scriptSizeBytes":315}
mall.exa1 {"exBudgetCPU":8029626,"exBudgetMemory":25906,"scriptSizeBytes":169}
mall.exa2 {"exBudgetCPU":13965858,"exBudgetMemory":43518,"scriptSizeBytes":169}