eq.true {"exBudgetCPU":1728579,"exBudgetMemory":5203,"scriptSizeBytes":59}
eq.false.fst {"exBudgetCPU":1370589,"exBudgetMemory":4802,"scriptSizeBytes":59}
eq.false.snd {"exBudgetCPU":1659579,"exBudgetMemory":4903,"scriptSizeBytes":64}
eq.false.both {"exBudgetCPU":1301589,"exBudgetMemory":4502,"scriptSizeBytes":64}