PCredential.derived.true.eq {"exBudgetCPU":1341702,"exBudgetMemory":3802,"scriptSizeBytes":104}
PCredential.derived.true.less {"exBudgetCPU":3163945,"exBudgetMemory":7432,"scriptSizeBytes":115}
PCredential.derived.false {"exBudgetCPU":3659090,"exBudgetMemory":8634,"scriptSizeBytes":115}
PCredential.pmatch.true.eq {"exBudgetCPU":4499709,"exBudgetMemory":9225,"scriptSizeBytes":129}
PCredential.pmatch.true.less {"exBudgetCPU":3438586,"exBudgetMemory":7896,"scriptSizeBytes":137}
PCredential.pmatch.false {"exBudgetCPU":3438586,"exBudgetMemory":7896,"scriptSizeBytes":137}
PCredential.pmatch-pdatarecord.true.eq {"exBudgetCPU":4722912,"exBudgetMemory":10462,"scriptSizeBytes":164}
PCredential.pmatch-pdatarecord.true.less {"exBudgetCPU":3617224,"exBudgetMemory":8496,"scriptSizeBytes":172}
PCredential.pmatch-pdatarecord.false {"exBudgetCPU":3617224,"exBudgetMemory":8496,"scriptSizeBytes":172}
PTriplet.derived.true.eq {"exBudgetCPU":1501248,"exBudgetMemory":4002,"scriptSizeBytes":161}
PTriplet.derived.true.less {"exBudgetCPU":6987474,"exBudgetMemory":14156,"scriptSizeBytes":173}
PTriplet.derived.false {"exBudgetCPU":7482619,"exBudgetMemory":15358,"scriptSizeBytes":173}
PTriplet.pmatch.true.eq {"exBudgetCPU":9022904,"exBudgetMemory":18349,"scriptSizeBytes":155}
PTriplet.pmatch.true.less {"exBudgetCPU":6736792,"exBudgetMemory":14454,"scriptSizeBytes":161}
PTriplet.pmatch.false {"exBudgetCPU":7410575,"exBudgetMemory":16256,"scriptSizeBytes":161}
PTriplet.pmatch-pdatarecord.true.eq {"exBudgetCPU":2937162,"exBudgetMemory":5994,"scriptSizeBytes":169}
PTriplet.pmatch-pdatarecord.true.less {"exBudgetCPU":8423388,"exBudgetMemory":16148,"scriptSizeBytes":181}
PTriplet.pmatch-pdatarecord.false {"exBudgetCPU":8918533,"exBudgetMemory":17350,"scriptSizeBytes":181}