PCredential.derived.true (program 1.0.0 ((\i0 ->
                   (\i0 ->
                      (\i0 ->
                         (\i0 ->
                            (\i0
                              i0 ->
                               (\i0 ->
                                  (\i0 ->
                                     (\i0 ->
                                        (\i0 ->
                                           force (i7
                                                    (lessThanInteger i2 i1)
                                                    (delay True)
                                                    (delay (force (i7
                                                                     (equalsInteger
                                                                        i2
                                                                        i1)
                                                                     (delay ((\i0 ->
                                                                                (\i0 ->
                                                                                   lessThanByteString
                                                                                     (unBData
                                                                                        (i10
                                                                                           i2))
                                                                                     (unBData
                                                                                        (i10
                                                                                           i1)))
                                                                                  (i10
                                                                                     i4))
                                                                               (i9
                                                                                  i4)))
                                                                     (delay False))))))
                                          (i9 i2))
                                       (i8 i2))
                                    (unConstrData i2))
                                 (unConstrData i2))
                              #d8799f40ff
                              #d87a9f4141ff)
                           (force ifThenElse))
                        (force headList))
                     (force (force sndPair)))
                  (force (force fstPair))))
PCredential.derived.false (program 1.0.0 ((\i0 ->
                   (\i0 ->
                      (\i0 ->
                         (\i0 ->
                            (\i0
                              i0 ->
                               (\i0 ->
                                  (\i0 ->
                                     (\i0 ->
                                        (\i0 ->
                                           force (i7
                                                    (lessThanInteger i2 i1)
                                                    (delay True)
                                                    (delay (force (i7
                                                                     (equalsInteger
                                                                        i2
                                                                        i1)
                                                                     (delay ((\i0 ->
                                                                                (\i0 ->
                                                                                   lessThanByteString
                                                                                     (unBData
                                                                                        (i10
                                                                                           i2))
                                                                                     (unBData
                                                                                        (i10
                                                                                           i1)))
                                                                                  (i10
                                                                                     i4))
                                                                               (i9
                                                                                  i4)))
                                                                     (delay False))))))
                                          (i9 i2))
                                       (i8 i2))
                                    (unConstrData i2))
                                 (unConstrData i2))
                              #d87a9f4141ff
                              #d8799f40ff)
                           (force ifThenElse))
                        (force headList))
                     (force (force sndPair)))
                  (force (force fstPair))))
PCredential.pmatch.true (program 1.0.0 ((\i0 ->
                   (\i0 ->
                      (\i0 ->
                         (\i0 ->
                            (\i0 ->
                               (\i0 ->
                                  (\i0 ->
                                     (\i0 ->
                                        force (i4
                                                 (equalsInteger 0 i2)
                                                 (delay ((\i0 ->
                                                            (\i0 ->
                                                               (\i0 ->
                                                                  force (i7
                                                                           (equalsInteger
                                                                              0
                                                                              i2)
                                                                           (delay (lessThanByteString
                                                                                     (unBData
                                                                                        (i8
                                                                                           i4))
                                                                                     (unBData
                                                                                        (i8
                                                                                           i1))))
                                                                           (delay True)))
                                                                 (i9 i2))
                                                              (i9 i1))
                                                           (unConstrData i6)))
                                                 (delay ((\i0 ->
                                                            (\i0 ->
                                                               (\i0 ->
                                                                  force (i7
                                                                           (equalsInteger
                                                                              1
                                                                              i2)
                                                                           (delay (lessThanByteString
                                                                                     (unBData
                                                                                        (i8
                                                                                           i4))
                                                                                     (unBData
                                                                                        (i8
                                                                                           i1))))
                                                                           (delay False)))
                                                                 (i9 i2))
                                                              (i9 i1))
                                                           (unConstrData i6)))))
                                       (i6 i2))
                                    (i6 i1))
                                 (unConstrData #d8799f40ff))
                              (force ifThenElse))
                           (force headList))
                        #d87a9f4141ff)
                     (force (force sndPair)))
                  (force (force fstPair))))
PCredential.pmatch.false (program 1.0.0 ((\i0 ->
                   (\i0 ->
                      (\i0 ->
                         (\i0 ->
                            (\i0 ->
                               (\i0 ->
                                  (\i0 ->
                                     (\i0 ->
                                        force (i4
                                                 (equalsInteger 1 i2)
                                                 (delay ((\i0 ->
                                                            (\i0 ->
                                                               (\i0 ->
                                                                  force (i7
                                                                           (equalsInteger
                                                                              1
                                                                              i2)
                                                                           (delay (lessThanByteString
                                                                                     (unBData
                                                                                        (i8
                                                                                           i4))
                                                                                     (unBData
                                                                                        (i8
                                                                                           i1))))
                                                                           (delay False)))
                                                                 (i9 i2))
                                                              (i9 i1))
                                                           (unConstrData i6)))
                                                 (delay ((\i0 ->
                                                            (\i0 ->
                                                               (\i0 ->
                                                                  force (i7
                                                                           (equalsInteger
                                                                              0
                                                                              i2)
                                                                           (delay (lessThanByteString
                                                                                     (unBData
                                                                                        (i8
                                                                                           i4))
                                                                                     (unBData
                                                                                        (i8
                                                                                           i1))))
                                                                           (delay True)))
                                                                 (i9 i2))
                                                              (i9 i1))
                                                           (unConstrData i6)))))
                                       (i6 i2))
                                    (i6 i1))
                                 (unConstrData #d87a9f4141ff))
                              (force ifThenElse))
                           (force headList))
                        #d8799f40ff)
                     (force (force sndPair)))
                  (force (force fstPair))))
PCredential.pmatch-pdatarecord.true (program 1.0.0 ((\i0 ->
                   (\i0 ->
                      (\i0 ->
                         (\i0 ->
                            (\i0 ->
                               (\i0 ->
                                  (\i0 ->
                                     (\i0 ->
                                        force (i4
                                                 (equalsInteger 0 i2)
                                                 (delay ((\i0 ->
                                                            (\i0 ->
                                                               (\i0 ->
                                                                  force (i7
                                                                           (equalsInteger
                                                                              0
                                                                              i2)
                                                                           (delay (lessThanByteString
                                                                                     (unBData
                                                                                        (i8
                                                                                           i4))
                                                                                     (unBData
                                                                                        (i8
                                                                                           i1))))
                                                                           (delay True)))
                                                                 (i9 i2))
                                                              (i9 i1))
                                                           (unConstrData i6)))
                                                 (delay ((\i0 ->
                                                            (\i0 ->
                                                               (\i0 ->
                                                                  force (i7
                                                                           (equalsInteger
                                                                              1
                                                                              i2)
                                                                           (delay (lessThanByteString
                                                                                     (unBData
                                                                                        (i8
                                                                                           i4))
                                                                                     (unBData
                                                                                        (i8
                                                                                           i1))))
                                                                           (delay False)))
                                                                 (i9 i2))
                                                              (i9 i1))
                                                           (unConstrData i6)))))
                                       (i6 i2))
                                    (i6 i1))
                                 (unConstrData #d8799f40ff))
                              (force ifThenElse))
                           (force headList))
                        #d87a9f4141ff)
                     (force (force sndPair)))
                  (force (force fstPair))))
PCredential.pmatch-pdatarecord.false (program 1.0.0 ((\i0 ->
                   (\i0 ->
                      (\i0 ->
                         (\i0 ->
                            (\i0 ->
                               (\i0 ->
                                  (\i0 ->
                                     (\i0 ->
                                        force (i4
                                                 (equalsInteger 1 i2)
                                                 (delay ((\i0 ->
                                                            (\i0 ->
                                                               (\i0 ->
                                                                  force (i7
                                                                           (equalsInteger
                                                                              1
                                                                              i2)
                                                                           (delay (lessThanByteString
                                                                                     (unBData
                                                                                        (i8
                                                                                           i4))
                                                                                     (unBData
                                                                                        (i8
                                                                                           i1))))
                                                                           (delay False)))
                                                                 (i9 i2))
                                                              (i9 i1))
                                                           (unConstrData i6)))
                                                 (delay ((\i0 ->
                                                            (\i0 ->
                                                               (\i0 ->
                                                                  force (i7
                                                                           (equalsInteger
                                                                              0
                                                                              i2)
                                                                           (delay (lessThanByteString
                                                                                     (unBData
                                                                                        (i8
                                                                                           i4))
                                                                                     (unBData
                                                                                        (i8
                                                                                           i1))))
                                                                           (delay True)))
                                                                 (i9 i2))
                                                              (i9 i1))
                                                           (unConstrData i6)))))
                                       (i6 i2))
                                    (i6 i1))
                                 (unConstrData #d87a9f4141ff))
                              (force ifThenElse))
                           (force headList))
                        #d8799f40ff)
                     (force (force sndPair)))
                  (force (force fstPair))))
PTriplet.derived.true (program 1.0.0 ((\i0 ->
                   (\i0 ->
                      (\i0 ->
                         (\i0 ->
                            (\i0 ->
                               (\i0
                                 i0 ->
                                  (\i0 ->
                                     (\i0 ->
                                        (\i0 ->
                                           (\i0 ->
                                              force (i7
                                                       (lessThanInteger i2 i1)
                                                       (delay True)
                                                       (delay (force (i7
                                                                        (equalsInteger
                                                                           i2
                                                                           i1)
                                                                        (delay ((\i0 ->
                                                                                   (\i0 ->
                                                                                      (\i0 ->
                                                                                         (\i0 ->
                                                                                            force (i11
                                                                                                     (lessThanInteger
                                                                                                        i2
                                                                                                        i1)
                                                                                                     (delay True)
                                                                                                     (delay (force (i11
                                                                                                                      (equalsInteger
                                                                                                                         i2
                                                                                                                         i1)
                                                                                                                      (delay ((\i0 ->
                                                                                                                                 (\i0 ->
                                                                                                                                    lessThanInteger
                                                                                                                                      (unIData
                                                                                                                                         (i15
                                                                                                                                            i2))
                                                                                                                                      (unIData
                                                                                                                                         (i15
                                                                                                                                            i1)))
                                                                                                                                   (i13
                                                                                                                                      i4))
                                                                                                                                (i12
                                                                                                                                   i4)))
                                                                                                                      (delay False))))))
                                                                                           (unIData
                                                                                              (i12
                                                                                                 i2)))
                                                                                        (unIData
                                                                                           (i11
                                                                                              i2)))
                                                                                     (i9
                                                                                        i4))
                                                                                  (i8
                                                                                     i4)))
                                                                        (delay False))))))
                                             (unIData (i8 i2)))
                                          (unIData (i7 i2)))
                                       (i7 i2))
                                    (i6 i2))
                                 #d8799f010203ff
                                 #d8799f010305ff)
                              (force ifThenElse))
                           (force tailList))
                        (force headList))
                     (\i0 -> i2 (unConstrData i1)))
                  (force (force sndPair))))
PTriplet.derived.false (program 1.0.0 ((\i0 ->
                   (\i0 ->
                      (\i0 ->
                         (\i0 ->
                            (\i0 ->
                               (\i0
                                 i0 ->
                                  (\i0 ->
                                     (\i0 ->
                                        (\i0 ->
                                           (\i0 ->
                                              force (i7
                                                       (lessThanInteger i2 i1)
                                                       (delay True)
                                                       (delay (force (i7
                                                                        (equalsInteger
                                                                           i2
                                                                           i1)
                                                                        (delay ((\i0 ->
                                                                                   (\i0 ->
                                                                                      (\i0 ->
                                                                                         (\i0 ->
                                                                                            force (i11
                                                                                                     (lessThanInteger
                                                                                                        i2
                                                                                                        i1)
                                                                                                     (delay True)
                                                                                                     (delay (force (i11
                                                                                                                      (equalsInteger
                                                                                                                         i2
                                                                                                                         i1)
                                                                                                                      (delay ((\i0 ->
                                                                                                                                 (\i0 ->
                                                                                                                                    lessThanInteger
                                                                                                                                      (unIData
                                                                                                                                         (i15
                                                                                                                                            i2))
                                                                                                                                      (unIData
                                                                                                                                         (i15
                                                                                                                                            i1)))
                                                                                                                                   (i13
                                                                                                                                      i4))
                                                                                                                                (i12
                                                                                                                                   i4)))
                                                                                                                      (delay False))))))
                                                                                           (unIData
                                                                                              (i12
                                                                                                 i2)))
                                                                                        (unIData
                                                                                           (i11
                                                                                              i2)))
                                                                                     (i9
                                                                                        i4))
                                                                                  (i8
                                                                                     i4)))
                                                                        (delay False))))))
                                             (unIData (i8 i2)))
                                          (unIData (i7 i2)))
                                       (i7 i2))
                                    (i6 i2))
                                 #d8799f010305ff
                                 #d8799f010203ff)
                              (force ifThenElse))
                           (force tailList))
                        (force headList))
                     (\i0 -> i2 (unConstrData i1)))
                  (force (force sndPair))))
PTriplet.pmatch.true (program 1.0.0 ((\i0 ->
                   (\i0 ->
                      (\i0 ->
                         (\i0 ->
                            (\i0 ->
                               (\i0 ->
                                  (\i0 ->
                                     (\i0 ->
                                        (\i0 ->
                                           (\i0 ->
                                              (\i0 ->
                                                 (\i0 ->
                                                    (\i0 ->
                                                       (\i0 ->
                                                          (\i0 ->
                                                             force (i7
                                                                      (lessThanInteger
                                                                         i2
                                                                         i1)
                                                                      (delay (force (i9
                                                                                       (equalsInteger
                                                                                          i2
                                                                                          i1)
                                                                                       (delay ((\i0 ->
                                                                                                  (\i0 ->
                                                                                                     force (i9
                                                                                                              (lessThanInteger
                                                                                                                 i2
                                                                                                                 i1)
                                                                                                              (delay (force (i11
                                                                                                                               (equalsInteger
                                                                                                                                  i2
                                                                                                                                  i1)
                                                                                                                               (delay (lessThanInteger
                                                                                                                                         (unIData
                                                                                                                                            (i14
                                                                                                                                               (i15
                                                                                                                                                  i7)))
                                                                                                                                         (unIData
                                                                                                                                            (i14
                                                                                                                                               (i15
                                                                                                                                                  i5))))))))))
                                                                                                    (unIData
                                                                                                       (i13
                                                                                                          i4)))
                                                                                                 (unIData
                                                                                                    (i12
                                                                                                       i5)))))))))
                                                            (unIData (i11 i3)))
                                                         (unIData (i10 i4)))
                                                      (i10 i1))
                                                   (i10 #d8799f010305ff))
                                                (i8 i1))
                                             (i8 #d8799f010203ff))
                                          (\i0 -> i4 i1 i2))
                                       (delay True))
                                    (\i0 i0 -> i3 i2 i1 i4))
                                 (force ifThenElse))
                              (delay False))
                           (force headList))
                        (force tailList))
                     (\i0 -> i2 (unConstrData i1)))
                  (force (force sndPair))))
PTriplet.pmatch.false (program 1.0.0 ((\i0 ->
                   (\i0 ->
                      (\i0 ->
                         (\i0 ->
                            (\i0 ->
                               (\i0 ->
                                  (\i0 ->
                                     (\i0 ->
                                        (\i0 ->
                                           (\i0 ->
                                              (\i0 ->
                                                 (\i0 ->
                                                    (\i0 ->
                                                       (\i0 ->
                                                          (\i0 ->
                                                             force (i7
                                                                      (lessThanInteger
                                                                         i2
                                                                         i1)
                                                                      (delay (force (i9
                                                                                       (equalsInteger
                                                                                          i2
                                                                                          i1)
                                                                                       (delay ((\i0 ->
                                                                                                  (\i0 ->
                                                                                                     force (i9
                                                                                                              (lessThanInteger
                                                                                                                 i2
                                                                                                                 i1)
                                                                                                              (delay (force (i11
                                                                                                                               (equalsInteger
                                                                                                                                  i2
                                                                                                                                  i1)
                                                                                                                               (delay (lessThanInteger
                                                                                                                                         (unIData
                                                                                                                                            (i14
                                                                                                                                               (i15
                                                                                                                                                  i7)))
                                                                                                                                         (unIData
                                                                                                                                            (i14
                                                                                                                                               (i15
                                                                                                                                                  i5))))))))))
                                                                                                    (unIData
                                                                                                       (i13
                                                                                                          i4)))
                                                                                                 (unIData
                                                                                                    (i12
                                                                                                       i5)))))))))
                                                            (unIData (i11 i3)))
                                                         (unIData (i10 i4)))
                                                      (i10 i1))
                                                   (i10 #d8799f010203ff))
                                                (i8 i1))
                                             (i8 #d8799f010305ff))
                                          (\i0 -> i4 i1 i2))
                                       (delay True))
                                    (\i0 i0 -> i3 i2 i1 i4))
                                 (force ifThenElse))
                              (delay False))
                           (force headList))
                        (force tailList))
                     (\i0 -> i2 (unConstrData i1)))
                  (force (force sndPair))))
PTriplet.pmatch-pdatarecord.true (program 1.0.0 ((\i0 ->
                   (\i0 ->
                      (\i0 ->
                         (\i0 ->
                            (\i0 ->
                               (\i0 ->
                                  (\i0 ->
                                     (\i0 ->
                                        (\i0 ->
                                           force (i5
                                                    (lessThanInteger i2 i1)
                                                    (delay True)
                                                    (delay (force (i5
                                                                     (equalsInteger
                                                                        i2
                                                                        i1)
                                                                     (delay ((\i0 ->
                                                                                (\i0 ->
                                                                                   (\i0 ->
                                                                                      (\i0 ->
                                                                                         force (i9
                                                                                                  (lessThanInteger
                                                                                                     i2
                                                                                                     i1)
                                                                                                  (delay True)
                                                                                                  (delay (force (i9
                                                                                                                   (equalsInteger
                                                                                                                      i2
                                                                                                                      i1)
                                                                                                                   (delay ((\i0 ->
                                                                                                                              (\i0 ->
                                                                                                                                 lessThanInteger
                                                                                                                                   (unIData
                                                                                                                                      (i13
                                                                                                                                         i2))
                                                                                                                                   (unIData
                                                                                                                                      (i13
                                                                                                                                         i1)))
                                                                                                                                (i11
                                                                                                                                   i4))
                                                                                                                             (i10
                                                                                                                                i4)))
                                                                                                                   (delay False))))))
                                                                                        (unIData
                                                                                           (i10
                                                                                              i2)))
                                                                                     (unIData
                                                                                        (i9
                                                                                           i2)))
                                                                                  (i7
                                                                                     i4))
                                                                               (i6
                                                                                  i4)))
                                                                     (delay False))))))
                                          (unIData (i6 i2)))
                                       (unIData (i5 i2)))
                                    (i5 #d8799f010305ff))
                                 (i4 #d8799f010203ff))
                              (force ifThenElse))
                           (force tailList))
                        (force headList))
                     (\i0 -> i2 (unConstrData i1)))
                  (force (force sndPair))))
PTriplet.pmatch-pdatarecord.false (program 1.0.0 ((\i0 ->
                   (\i0 ->
                      (\i0 ->
                         (\i0 ->
                            (\i0 ->
                               (\i0 ->
                                  (\i0 ->
                                     (\i0 ->
                                        (\i0 ->
                                           force (i5
                                                    (lessThanInteger i2 i1)
                                                    (delay True)
                                                    (delay (force (i5
                                                                     (equalsInteger
                                                                        i2
                                                                        i1)
                                                                     (delay ((\i0 ->
                                                                                (\i0 ->
                                                                                   (\i0 ->
                                                                                      (\i0 ->
                                                                                         force (i9
                                                                                                  (lessThanInteger
                                                                                                     i2
                                                                                                     i1)
                                                                                                  (delay True)
                                                                                                  (delay (force (i9
                                                                                                                   (equalsInteger
                                                                                                                      i2
                                                                                                                      i1)
                                                                                                                   (delay ((\i0 ->
                                                                                                                              (\i0 ->
                                                                                                                                 lessThanInteger
                                                                                                                                   (unIData
                                                                                                                                      (i13
                                                                                                                                         i2))
                                                                                                                                   (unIData
                                                                                                                                      (i13
                                                                                                                                         i1)))
                                                                                                                                (i11
                                                                                                                                   i4))
                                                                                                                             (i10
                                                                                                                                i4)))
                                                                                                                   (delay False))))))
                                                                                        (unIData
                                                                                           (i10
                                                                                              i2)))
                                                                                     (unIData
                                                                                        (i9
                                                                                           i2)))
                                                                                  (i7
                                                                                     i4))
                                                                               (i6
                                                                                  i4)))
                                                                     (delay False))))))
                                          (unIData (i6 i2)))
                                       (unIData (i5 i2)))
                                    (i5 #d8799f010203ff))
                                 (i4 #d8799f010305ff))
                              (force ifThenElse))
                           (force tailList))
                        (force headList))
                     (\i0 -> i2 (unConstrData i1)))
                  (force (force sndPair))))