sop.4wheeler.normal {"exBudgetCPU":711699,"exBudgetMemory":2760,"scriptSizeBytes":45}
sop.4wheeler.pdatasum {"exBudgetCPU":711699,"exBudgetMemory":2760,"scriptSizeBytes":45}
sop.2wheeler.normal {"exBudgetCPU":438975,"exBudgetMemory":1896,"scriptSizeBytes":30}
sop.2wheeler.pdatasum {"exBudgetCPU":438975,"exBudgetMemory":1896,"scriptSizeBytes":30}
sop.immovable.normal {"exBudgetCPU":102251,"exBudgetMemory":632,"scriptSizeBytes":12}
sop.immovable.pdatasum {"exBudgetCPU":102251,"exBudgetMemory":632,"scriptSizeBytes":12}
prod.1.normal {"exBudgetCPU":575337,"exBudgetMemory":2328,"scriptSizeBytes":40}
prod.1.pdatasum {"exBudgetCPU":575337,"exBudgetMemory":2328,"scriptSizeBytes":40}
prod.2.normal {"exBudgetCPU":575337,"exBudgetMemory":2328,"scriptSizeBytes":68}
prod.2.datasum {"exBudgetCPU":575337,"exBudgetMemory":2328,"scriptSizeBytes":68}
enum.PA {"exBudgetCPU":102251,"exBudgetMemory":632,"scriptSizeBytes":12}
enum.PB {"exBudgetCPU":102251,"exBudgetMemory":632,"scriptSizeBytes":12}
pconstant-pcon-rel {"exBudgetCPU":16100,"exBudgetMemory":200,"scriptSizeBytes":22}