id (program 1.0.0 (\i0 -> i1))
flip.const (program 1.0.0 (\i0 -> \i0 -> i1))
plet (program 1.0.0 (\i0 -> \i0 -> error))
primitives.bool.true (program 1.0.0 (\i0 -> True))
primitives.int.0 (program 1.0.0 (\i0 -> 0))
primitives.int.1 (program 1.0.0 (\i0 -> 1))
primitives.int.512 (program 1.0.0 (\i0 -> 512))
primitives.int.1048576 (program 1.0.0 (\i0 -> 1048576))
primitives.bytestring.1 (program 1.0.0 (\i0 -> #31))
primitives.bytestring.1111111 (program 1.0.0 (\i0 -> #31313131313131))
primitives.unit.list (program 1.0.0 (\i0 -> [()]))
primitives.unit.() (program 1.0.0 (\i0 -> ()))
primitives.id (program 1.0.0 (\i0 -> i1))
primitives.fun.lam+ (program 1.0.0 (\i0 -> addInteger))
primitives.fun.+ (program 1.0.0 addInteger)