swap.A {"exBudgetCPU":207100,"exBudgetMemory":1000,"scriptSizeBytes":16}
swap.B {"exBudgetCPU":207100,"exBudgetMemory":1000,"scriptSizeBytes":16}
scottenc.PMaybe {"exBudgetCPU":230100,"exBudgetMemory":1100,"scriptSizeBytes":14}
scottenc.PPair {"exBudgetCPU":230100,"exBudgetMemory":1100,"scriptSizeBytes":26}