swap.A {"exBudgetCPU":144100,"exBudgetMemory":1000,"scriptSizeBytes":16}
swap.B {"exBudgetCPU":144100,"exBudgetMemory":1000,"scriptSizeBytes":16}
scottenc.PMaybe {"exBudgetCPU":208100,"exBudgetMemory":1400,"scriptSizeBytes":16}
scottenc.PPair {"exBudgetCPU":208100,"exBudgetMemory":1400,"scriptSizeBytes":28}