literal {"exBudgetCPU":29873,"exBudgetMemory":200,"scriptSizeBytes":12}
ops.+ {"exBudgetCPU":30525493,"exBudgetMemory":72495,"scriptSizeBytes":322}
ops.- {"exBudgetCPU":30525493,"exBudgetMemory":72495,"scriptSizeBytes":322}
ops.* {"exBudgetCPU":54088093,"exBudgetMemory":124471,"scriptSizeBytes":366}
ops.harmonic-sum {"exBudgetCPU":80616650,"exBudgetMemory":184349,"scriptSizeBytes":365}
ops.multi-product {"exBudgetCPU":90162076,"exBudgetMemory":208983,"scriptSizeBytes":377}
compare {"exBudgetCPU":26220293,"exBudgetMemory":61177,"scriptSizeBytes":312}
round.5/3 {"exBudgetCPU":17265607,"exBudgetMemory":35849,"scriptSizeBytes":333}
round.4/3 {"exBudgetCPU":15779150,"exBudgetMemory":32746,"scriptSizeBytes":333}
round.-5/2 {"exBudgetCPU":16955125,"exBudgetMemory":34749,"scriptSizeBytes":348}
round.-1/4 {"exBudgetCPU":16006132,"exBudgetMemory":32848,"scriptSizeBytes":348}
truncate.5/4 {"exBudgetCPU":13210689,"exBudgetMemory":29639,"scriptSizeBytes":284}
truncate.7/4 {"exBudgetCPU":14697146,"exBudgetMemory":32742,"scriptSizeBytes":284}
truncate.1/4 {"exBudgetCPU":11724232,"exBudgetMemory":26536,"scriptSizeBytes":284}
truncate.-7/4 {"exBudgetCPU":16726886,"exBudgetMemory":36349,"scriptSizeBytes":298}
properFraction.-1/2 {"exBudgetCPU":39617838,"exBudgetMemory":91122,"scriptSizeBytes":443}
properFraction.-3/2 {"exBudgetCPU":41420596,"exBudgetMemory":94627,"scriptSizeBytes":448}
properFraction.-4/3 {"exBudgetCPU":41420596,"exBudgetMemory":94627,"scriptSizeBytes":448}
data.id.0.5 {"exBudgetCPU":29873,"exBudgetMemory":200,"scriptSizeBytes":12}
data.id.2 {"exBudgetCPU":29873,"exBudgetMemory":200,"scriptSizeBytes":12}
data.id.11/3 {"exBudgetCPU":11706393,"exBudgetMemory":28033,"scriptSizeBytes":237}
div by 0.1/0 {"exBudgetCPU":221921,"exBudgetMemory":104,"scriptSizeBytes":237}
div by 0.recip 0 {"exBudgetCPU":137969,"exBudgetMemory":102,"scriptSizeBytes":37}
div by 0.1/(1-1) {"exBudgetCPU":9048111,"exBudgetMemory":20136,"scriptSizeBytes":307}