literal {"exBudgetCPU":112100,"exBudgetMemory":800,"scriptSizeBytes":17}
ops.+ {"exBudgetCPU":19280567,"exBudgetMemory":85289,"scriptSizeBytes":654}
ops.- {"exBudgetCPU":19280567,"exBudgetMemory":85289,"scriptSizeBytes":654}
ops.* {"exBudgetCPU":32596124,"exBudgetMemory":141057,"scriptSizeBytes":712}
ops.harmonic-sum {"exBudgetCPU":47243245,"exBudgetMemory":202927,"scriptSizeBytes":716}
ops.multi-product {"exBudgetCPU":53113132,"exBudgetMemory":230453,"scriptSizeBytes":738}
compare {"exBudgetCPU":15868048,"exBudgetMemory":71369,"scriptSizeBytes":638}
round.5/3 {"exBudgetCPU":9951437,"exBudgetMemory":41945,"scriptSizeBytes":639}
round.4/3 {"exBudgetCPU":9195125,"exBudgetMemory":38842,"scriptSizeBytes":639}
round.-5/2 {"exBudgetCPU":9611306,"exBudgetMemory":39945,"scriptSizeBytes":639}
round.-1/4 {"exBudgetCPU":9168333,"exBudgetMemory":38044,"scriptSizeBytes":639}
truncate.5/4 {"exBudgetCPU":7616406,"exBudgetMemory":33633,"scriptSizeBytes":549}
truncate.7/4 {"exBudgetCPU":8372718,"exBudgetMemory":36736,"scriptSizeBytes":549}
truncate.1/4 {"exBudgetCPU":6860094,"exBudgetMemory":30530,"scriptSizeBytes":549}
truncate.-7/4 {"exBudgetCPU":8585926,"exBudgetMemory":37438,"scriptSizeBytes":549}
properFraction.-1/2 {"exBudgetCPU":21630742,"exBudgetMemory":95003,"scriptSizeBytes":713}
properFraction.-3/2 {"exBudgetCPU":22387054,"exBudgetMemory":98106,"scriptSizeBytes":713}
properFraction.-4/3 {"exBudgetCPU":22387054,"exBudgetMemory":98106,"scriptSizeBytes":713}
data.id.0.5 {"exBudgetCPU":112100,"exBudgetMemory":800,"scriptSizeBytes":17}
data.id.2 {"exBudgetCPU":112100,"exBudgetMemory":800,"scriptSizeBytes":17}
data.id.11/3 {"exBudgetCPU":8080788,"exBudgetMemory":35735,"scriptSizeBytes":544}
div by 0.1/0 {"exBudgetCPU":6992280,"exBudgetMemory":20200,"scriptSizeBytes":544}
div by 0.recip 0 {"exBudgetCPU":3701327,"exBudgetMemory":198,"scriptSizeBytes":391}
div by 0.1/(1-1) {"exBudgetCPU":11868307,"exBudgetMemory":40228,"scriptSizeBytes":621}