iterateN.lam (program 1.0.0 ((\i0 ->
                   (\i0 -> i2 (\i0 -> i2 i2 i1)) (\i0 -> i2 (\i0 -> i2 i2 i1)))
                  (\i0
                    i0
                    i0
                    i0 ->
                     force (force ifThenElse
                              (equalsInteger i3 0)
                              (delay i1)
                              (delay (i4 (subtractInteger i3 1) i2 (i2 i1)))))))
iterateN.app.succ (program 1.0.0 ((\i0 ->
                   (\i0 -> i2 (\i0 -> i2 i2 i1)) (\i0 -> i2 (\i0 -> i2 i2 i1)))
                  (\i0
                    i0
                    i0
                    i0 ->
                     force (force ifThenElse
                              (equalsInteger i3 0)
                              (delay i1)
                              (delay (i4 (subtractInteger i3 1) i2 (i2 i1)))))
                  10
                  (\i0 -> addInteger i1 1)
                  0))
iterateN.app.double (program 1.0.0 ((\i0 ->
                   (\i0 -> i2 (\i0 -> i2 i2 i1)) (\i0 -> i2 (\i0 -> i2 i2 i1)))
                  (\i0
                    i0
                    i0
                    i0 ->
                     force (force ifThenElse
                              (equalsInteger i3 0)
                              (delay i1)
                              (delay (i4 (subtractInteger i3 1) i2 (i2 i1)))))
                  10
                  (\i0 -> multiplyInteger i1 2)
                  1))