unit {"exBudgetCPU":29873,"exBudgetMemory":200,"scriptSizeBytes":11}
int.0 {"exBudgetCPU":6284427,"exBudgetMemory":14017,"scriptSizeBytes":317}
int.5 {"exBudgetCPU":8760152,"exBudgetMemory":20027,"scriptSizeBytes":317}
int.-5 {"exBudgetCPU":9393754,"exBudgetMemory":20832,"scriptSizeBytes":317}
int.10 {"exBudgetCPU":12293936,"exBudgetMemory":26039,"scriptSizeBytes":317}
int.-10 {"exBudgetCPU":12927538,"exBudgetMemory":26844,"scriptSizeBytes":317}
int.14 {"exBudgetCPU":14274516,"exBudgetMemory":30847,"scriptSizeBytes":317}
int.-14 {"exBudgetCPU":14908118,"exBudgetMemory":31652,"scriptSizeBytes":317}
int.102 {"exBudgetCPU":18800590,"exBudgetMemory":39265,"scriptSizeBytes":318}
int.-102 {"exBudgetCPU":19434192,"exBudgetMemory":40070,"scriptSizeBytes":318}
maybe.nothing {"exBudgetCPU":1458977,"exBudgetMemory":5000,"scriptSizeBytes":354}
maybe.just {"exBudgetCPU":15676121,"exBudgetMemory":34060,"scriptSizeBytes":356}
either.right {"exBudgetCPU":15766440,"exBudgetMemory":34361,"scriptSizeBytes":370}
maybe.either {"exBudgetCPU":17334403,"exBudgetMemory":37506,"scriptSizeBytes":431}
list.nil {"exBudgetCPU":3787676,"exBudgetMemory":11335,"scriptSizeBytes":410}
list.1 {"exBudgetCPU":10989375,"exBudgetMemory":26452,"scriptSizeBytes":411}
list.1,2,3 {"exBudgetCPU":29411680,"exBudgetMemory":66720,"scriptSizeBytes":413}
builtinlist.nil {"exBudgetCPU":3519719,"exBudgetMemory":10435,"scriptSizeBytes":401}
builtinlist.1,2,3 {"exBudgetCPU":26855742,"exBudgetMemory":56248,"scriptSizeBytes":404}
pair.int-str {"exBudgetCPU":16329624,"exBudgetMemory":35186,"scriptSizeBytes":365}
pair.int-list {"exBudgetCPU":41712616,"exBudgetMemory":86350,"scriptSizeBytes":443}
rational.1/2 {"exBudgetCPU":23497485,"exBudgetMemory":51676,"scriptSizeBytes":546}