unit {"exBudgetCPU":92100,"exBudgetMemory":500,"scriptSizeBytes":13}
bool.true {"exBudgetCPU":379656,"exBudgetMemory":1401,"scriptSizeBytes":33}
bool.false {"exBudgetCPU":379656,"exBudgetMemory":1401,"scriptSizeBytes":33}
int.0 {"exBudgetCPU":5662044,"exBudgetMemory":14417,"scriptSizeBytes":304}
int.5 {"exBudgetCPU":8489489,"exBudgetMemory":20427,"scriptSizeBytes":304}
int.-5 {"exBudgetCPU":9248620,"exBudgetMemory":21832,"scriptSizeBytes":304}
int.10 {"exBudgetCPU":11112008,"exBudgetMemory":26243,"scriptSizeBytes":304}
int.-10 {"exBudgetCPU":11871139,"exBudgetMemory":27648,"scriptSizeBytes":304}
int.14 {"exBudgetCPU":13373964,"exBudgetMemory":31051,"scriptSizeBytes":304}
int.-14 {"exBudgetCPU":14133095,"exBudgetMemory":32456,"scriptSizeBytes":304}
int.102 {"exBudgetCPU":17175815,"exBudgetMemory":39273,"scriptSizeBytes":305}
int.-102 {"exBudgetCPU":17934946,"exBudgetMemory":40678,"scriptSizeBytes":305}
bytestring.empty {"exBudgetCPU":2593943,"exBudgetMemory":9918,"scriptSizeBytes":414}
bytestring.1 {"exBudgetCPU":10473299,"exBudgetMemory":27270,"scriptSizeBytes":416}
bytestring.2 {"exBudgetCPU":29710789,"exBudgetMemory":68664,"scriptSizeBytes":417}
bytestring.3 {"exBudgetCPU":36555875,"exBudgetMemory":83616,"scriptSizeBytes":418}
bytestring.n {"exBudgetCPU":68788748,"exBudgetMemory":152130,"scriptSizeBytes":418}
bytestring.0 {"exBudgetCPU":17894738,"exBudgetMemory":43950,"scriptSizeBytes":418}
str.empty {"exBudgetCPU":2142713,"exBudgetMemory":5633,"scriptSizeBytes":128}
str.hello123 {"exBudgetCPU":27030233,"exBudgetMemory":65073,"scriptSizeBytes":137}
str.quoted {"exBudgetCPU":30518590,"exBudgetMemory":72910,"scriptSizeBytes":138}
str.slash {"exBudgetCPU":23919293,"exBudgetMemory":57643,"scriptSizeBytes":136}
str.unicode {"exBudgetCPU":33189676,"exBudgetMemory":79932,"scriptSizeBytes":139}
str.unicode-quoted {"exBudgetCPU":40139276,"exBudgetMemory":95604,"scriptSizeBytes":141}
maybe.nothing {"exBudgetCPU":1265100,"exBudgetMemory":5600,"scriptSizeBytes":340}
maybe.just {"exBudgetCPU":14736400,"exBudgetMemory":34572,"scriptSizeBytes":345}
either.right {"exBudgetCPU":14829577,"exBudgetMemory":34873,"scriptSizeBytes":358}
maybe.either {"exBudgetCPU":16703542,"exBudgetMemory":38334,"scriptSizeBytes":421}
list.nil {"exBudgetCPU":2963985,"exBudgetMemory":11943,"scriptSizeBytes":395}
list.1 {"exBudgetCPU":9338557,"exBudgetMemory":26860,"scriptSizeBytes":396}
list.1,2,3 {"exBudgetCPU":25937124,"exBudgetMemory":66744,"scriptSizeBytes":399}
builtinlist.nil {"exBudgetCPU":2756985,"exBudgetMemory":11043,"scriptSizeBytes":387}
builtinlist.1,2,3 {"exBudgetCPU":23932196,"exBudgetMemory":56272,"scriptSizeBytes":390}
pshowAndErr.nil {"exBudgetCPU":100,"exBudgetMemory":100,"scriptSizeBytes":21}
pshowAndErr.1,2,3 {"exBudgetCPU":100,"exBudgetMemory":100,"scriptSizeBytes":24}
pair.int-str {"exBudgetCPU":33395731,"exBudgetMemory":77897,"scriptSizeBytes":452}
pair.int-list {"exBudgetCPU":38650930,"exBudgetMemory":86294,"scriptSizeBytes":432}
rational.1/2 {"exBudgetCPU":22657489,"exBudgetMemory":54982,"scriptSizeBytes":573}