unit {"exBudgetCPU":92100,"exBudgetMemory":500,"scriptSizeBytes":13}
bool.true {"exBudgetCPU":379656,"exBudgetMemory":1401,"scriptSizeBytes":33}
bool.false {"exBudgetCPU":379656,"exBudgetMemory":1401,"scriptSizeBytes":33}
int.0 {"exBudgetCPU":6396998,"exBudgetMemory":15821,"scriptSizeBytes":306}
int.5 {"exBudgetCPU":9224443,"exBudgetMemory":21831,"scriptSizeBytes":306}
int.-5 {"exBudgetCPU":9983574,"exBudgetMemory":23236,"scriptSizeBytes":306}
int.10 {"exBudgetCPU":12581916,"exBudgetMemory":29051,"scriptSizeBytes":306}
int.-10 {"exBudgetCPU":13341047,"exBudgetMemory":30456,"scriptSizeBytes":306}
int.14 {"exBudgetCPU":14843872,"exBudgetMemory":33859,"scriptSizeBytes":306}
int.-14 {"exBudgetCPU":15603003,"exBudgetMemory":35264,"scriptSizeBytes":306}
int.102 {"exBudgetCPU":19380677,"exBudgetMemory":43485,"scriptSizeBytes":307}
int.-102 {"exBudgetCPU":20139808,"exBudgetMemory":44890,"scriptSizeBytes":307}
bytestring.empty {"exBudgetCPU":2593943,"exBudgetMemory":9918,"scriptSizeBytes":414}
bytestring.1 {"exBudgetCPU":10473299,"exBudgetMemory":27270,"scriptSizeBytes":416}
bytestring.2 {"exBudgetCPU":29710789,"exBudgetMemory":68664,"scriptSizeBytes":417}
bytestring.3 {"exBudgetCPU":36555875,"exBudgetMemory":83616,"scriptSizeBytes":418}
bytestring.n {"exBudgetCPU":68788748,"exBudgetMemory":152130,"scriptSizeBytes":418}
bytestring.0 {"exBudgetCPU":17894738,"exBudgetMemory":43950,"scriptSizeBytes":418}
str.empty {"exBudgetCPU":2142713,"exBudgetMemory":5633,"scriptSizeBytes":128}
str.hello123 {"exBudgetCPU":27030233,"exBudgetMemory":65073,"scriptSizeBytes":137}
str.quoted {"exBudgetCPU":30518590,"exBudgetMemory":72910,"scriptSizeBytes":138}
str.slash {"exBudgetCPU":23919293,"exBudgetMemory":57643,"scriptSizeBytes":136}
str.unicode {"exBudgetCPU":33189676,"exBudgetMemory":79932,"scriptSizeBytes":139}
str.unicode-quoted {"exBudgetCPU":40139276,"exBudgetMemory":95604,"scriptSizeBytes":141}
maybe.nothing {"exBudgetCPU":1265100,"exBudgetMemory":5600,"scriptSizeBytes":342}
maybe.just {"exBudgetCPU":16206308,"exBudgetMemory":37380,"scriptSizeBytes":347}
either.right {"exBudgetCPU":16299485,"exBudgetMemory":37681,"scriptSizeBytes":360}
maybe.either {"exBudgetCPU":18173450,"exBudgetMemory":41142,"scriptSizeBytes":423}
list.nil {"exBudgetCPU":2963985,"exBudgetMemory":11943,"scriptSizeBytes":397}
list.1 {"exBudgetCPU":10073511,"exBudgetMemory":28264,"scriptSizeBytes":398}
list.1,2,3 {"exBudgetCPU":28141986,"exBudgetMemory":70956,"scriptSizeBytes":401}
builtinlist.nil {"exBudgetCPU":2756985,"exBudgetMemory":11043,"scriptSizeBytes":389}
builtinlist.1,2,3 {"exBudgetCPU":26137058,"exBudgetMemory":60484,"scriptSizeBytes":392}
pshowAndErr.nil {"exBudgetCPU":100,"exBudgetMemory":100,"scriptSizeBytes":21}
pshowAndErr.1,2,3 {"exBudgetCPU":100,"exBudgetMemory":100,"scriptSizeBytes":24}
pair.int-str {"exBudgetCPU":34865639,"exBudgetMemory":80705,"scriptSizeBytes":454}
pair.int-list {"exBudgetCPU":42325700,"exBudgetMemory":93314,"scriptSizeBytes":434}
rational.1/2 {"exBudgetCPU":24862351,"exBudgetMemory":59194,"scriptSizeBytes":577}