ptrace.one {"exBudgetCPU":396442,"exBudgetMemory":932,"scriptSizeBytes":16}
ptrace.two {"exBudgetCPU":815784,"exBudgetMemory":1864,"scriptSizeBytes":30}
ptraceShowId.right-42 {"exBudgetCPU":15271919,"exBudgetMemory":35905,"scriptSizeBytes":371}
ptraceIfTrue.true {"exBudgetCPU":706998,"exBudgetMemory":1933,"scriptSizeBytes":27}
ptraceIfTrue.false {"exBudgetCPU":379656,"exBudgetMemory":1401,"scriptSizeBytes":27}
ptraceIfFalse.true {"exBudgetCPU":379656,"exBudgetMemory":1401,"scriptSizeBytes":27}
ptraceIfFalse.false {"exBudgetCPU":706998,"exBudgetMemory":1933,"scriptSizeBytes":27}
chained.false.true.false {"exBudgetCPU":1178554,"exBudgetMemory":3634,"scriptSizeBytes":51}
chained.ptrace.true.false {"exBudgetCPU":821998,"exBudgetMemory":2433,"scriptSizeBytes":40}
chained.ptrace.true.true {"exBudgetCPU":1126340,"exBudgetMemory":2865,"scriptSizeBytes":40}