ptrace.one {"exBudgetCPU":388284,"exBudgetMemory":932,"scriptSizeBytes":16}
ptrace.two {"exBudgetCPU":746695,"exBudgetMemory":1664,"scriptSizeBytes":28}
ptraceIfTrue.true {"exBudgetCPU":686015,"exBudgetMemory":1933,"scriptSizeBytes":27}
ptraceIfTrue.false {"exBudgetCPU":387150,"exBudgetMemory":1401,"scriptSizeBytes":27}
ptraceIfFalse.true {"exBudgetCPU":387150,"exBudgetMemory":1401,"scriptSizeBytes":27}
ptraceIfFalse.false {"exBudgetCPU":686015,"exBudgetMemory":1933,"scriptSizeBytes":27}
chained.false.true.false {"exBudgetCPU":1043292,"exBudgetMemory":3134,"scriptSizeBytes":47}
chained.ptrace.true.false {"exBudgetCPU":745561,"exBudgetMemory":2133,"scriptSizeBytes":37}
chained.ptrace.true.true {"exBudgetCPU":1044426,"exBudgetMemory":2665,"scriptSizeBytes":37}