erroneous.int /= bytestring (program 1.0.0 (unIData (bData #666f6f)))
erroneous.(String, Integer) /= (String, String) (program 1.0.0 ((\i0 -> (\i0 -> (\i0 -> (\i0 -> (\i0 -> (\i0 -> (\i0 -> mkPairData (iData (unIData (i5 (i2 i1)))) (bData (unBData (i7 (i2 i1))))) ((\i0 -> constrData 0 (i6 (i5 i1) (i6 (i7 i1) [  ]))) (mkPairData (bData #666f6f) (bData #626172)))) (\i0 -> (\i0 -> mkPairData (i3 i1) (i3 (i4 i1))) (i6 (unConstrData i1)))) (force headList)) (force tailList)) (force (force fstPair))) (force mkCons)) (force (force sndPair))))
erroneous.[String] /= [Integer] (program 1.0.0 ((\i0 -> (\i0 -> (\i0 -> (\i0 -> (\i0 -> (\i0 -> i2 (\i0 -> i2 i2 i1)) (\i0 -> i2 (\i0 -> i2 i2 i1))) (\i0 -> \i0 -> force (force (force chooseList) i1 (delay i6) (delay (i5 (i3 (force headList i1)) (i2 (force tailList i1))))))) (\i0 -> bData (unBData i1)) (unListData i1)) (listData (i1 (iData 3) ((\i0 -> i2 i1 i3) (iData 4))))) (force mkCons)) [  ]))
working.int == int (program 1.0.0 (unIData (iData 42)))
working.(String, String) == (String, String) (program 1.0.0 ((\i0 -> (\i0 -> (\i0 -> (\i0 -> (\i0 -> (\i0 -> (\i0 -> mkPairData (bData (unBData (i5 (i2 i1)))) (bData (unBData (i7 (i2 i1))))) ((\i0 -> constrData 0 (i6 (i5 i1) (i6 (i7 i1) [  ]))) (mkPairData (bData #666f6f) (bData #626172)))) (\i0 -> (\i0 -> mkPairData (i3 i1) (i3 (i4 i1))) (i6 (unConstrData i1)))) (force headList)) (force tailList)) (force (force fstPair))) (force mkCons)) (force (force sndPair))))
working.(POpaque, POpaque) == (POpaque, POpaque) (program 1.0.0 ((\i0 -> (\i0 -> (\i0 -> (\i0 -> (\i0 -> (\i0 -> (\i0 -> (\i0 -> mkPairData (i5 (i2 i1)) (i7 (i2 i1))) ((\i0 -> constrData 0 (i6 (i5 i1) (i6 (i7 i1) [  ]))) (mkPairData i7 i7))) (\i0 -> (\i0 -> mkPairData (i3 i1) (i3 (i4 i1))) (i6 (unConstrData i1)))) (force headList)) (force tailList)) (force (force fstPair))) (force mkCons)) (force (force sndPair))) #d87980))
working.[String] == [String] (program 1.0.0 ((\i0 -> (\i0 -> (\i0 -> (\i0 -> (\i0 -> (\i0 -> i2 (\i0 -> i2 i2 i1)) (\i0 -> i2 (\i0 -> i2 i2 i1))) (\i0 -> \i0 -> force (force (force chooseList) i1 (delay i6) (delay (i5 (i3 (force headList i1)) (i2 (force tailList i1))))))) (\i0 -> bData (unBData i1)) (unListData i1)) (listData (i1 (bData #666f6f) ((\i0 -> i2 i1 i3) (bData #626172))))) (force mkCons)) [  ]))